
 Start         Length     Name                   Class
 0001:00000000 000AD27CH .text                   CODE
 0002:00000000 00007D04H .data                   DATA
 0002:00007D04 00004829H .bss                    BSS


Detailed map of segments

 0001:00000000 00005DD3 C=CODE     S=.text    G=(none)   M=System   ACBP=A9
 0001:00005DD4 00000140 C=CODE     S=.text    G=(none)   M=SysInit  ACBP=A9
 0001:00005F14 00000078 C=CODE     S=.text    G=(none)   M=Types    ACBP=A9
 0001:00005F8C 00000FE8 C=CODE     S=.text    G=(none)   M=Windows  ACBP=A9
 0001:00006F74 00002053 C=CODE     S=.text    G=(none)   M=ELeaks   ACBP=A9
 0001:00008FC8 00000338 C=CODE     S=.text    G=(none)   M=SysConst ACBP=A9
 0001:00009300 00007374 C=CODE     S=.text    G=(none)   M=SysUtils ACBP=A9
 0001:00010674 00000038 C=CODE     S=.text    G=(none)   M=Messages ACBP=A9
 0001:000106AC 000007FB C=CODE     S=.text    G=(none)   M=VarUtils ACBP=A9
 0001:00010EA8 00002A42 C=CODE     S=.text    G=(none)   M=Variants ACBP=A9
 0001:000138EC 00000130 C=CODE     S=.text    G=(none)   M=RTLConsts ACBP=A9
 0001:00013A1C 00000B2C C=CODE     S=.text    G=(none)   M=TypInfo  ACBP=A9
 0001:00014548 00000038 C=CODE     S=.text    G=(none)   M=ActiveX  ACBP=A9
 0001:00014580 0000A0A6 C=CODE     S=.text    G=(none)   M=Classes  ACBP=A9
 0001:0001E628 00000038 C=CODE     S=.text    G=(none)   M=ETypes   ACBP=A9
 0001:0001E660 00002944 C=CODE     S=.text    G=(none)   M=EConsts  ACBP=A9
 0001:00020FA4 00004700 C=CODE     S=.text    G=(none)   M=ECore    ACBP=A9
 0001:000256A4 000047F0 C=CODE     S=.text    G=(none)   M=EDebug   ACBP=A9
 0001:00029E94 00000040 C=CODE     S=.text    G=(none)   M=ShellAPI ACBP=A9
 0001:00029ED4 00000544 C=CODE     S=.text    G=(none)   M=EWinSock ACBP=A9
 0001:0002A418 00001688 C=CODE     S=.text    G=(none)   M=EHook    ACBP=A9
 0001:0002BAA0 000000E8 C=CODE     S=.text    G=(none)   M=ELang    ACBP=A9
 0001:0002BB88 000016E8 C=CODE     S=.text    G=(none)   M=ESockets ACBP=A9
 0001:0002D270 00007BFC C=CODE     S=.text    G=(none)   M=EZlib2   ACBP=A9
 0001:00034E6C 00000B04 C=CODE     S=.text    G=(none)   M=EHash    ACBP=A9
 0001:00035970 00000360 C=CODE     S=.text    G=(none)   M=EEncrypt ACBP=A9
 0001:00035CD0 000003DC C=CODE     S=.text    G=(none)   M=EBase64  ACBP=A9
 0001:000360AC 00000154 C=CODE     S=.text    G=(none)   M=EZip     ACBP=A9
 0001:00036200 00007C5C C=CODE     S=.text    G=(none)   M=EWebTools ACBP=A9
 0001:0003DE5C 000005A8 C=CODE     S=.text    G=(none)   M=EXMLBuilder ACBP=A9
 0001:0003E404 00004414 C=CODE     S=.text    G=(none)   M=ELogManager ACBP=A9
 0001:00042818 000012F4 C=CODE     S=.text    G=(none)   M=EListView ACBP=A9
 0001:00043B0C 00007400 C=CODE     S=.text    G=(none)   M=EDisAsm  ACBP=A9
 0001:0004AF0C 000293C0 C=CODE     S=.text    G=(none)   M=ExceptionLog ACBP=A9
 0001:000742CC 00000298 C=CODE     S=.text    G=(none)   M=Consts   ACBP=A9
 0001:00074564 000073CF C=CODE     S=.text    G=(none)   M=Graphics ACBP=A9
 0001:0007B934 00000048 C=CODE     S=.text    G=(none)   M=Math     ACBP=A9
 0001:0007B97C 000002B8 C=CODE     S=.text    G=(none)   M=Contnrs  ACBP=A9
 0001:0007BC34 000000FC C=CODE     S=.text    G=(none)   M=CommCtrl ACBP=A9
 0001:0007BD30 00000787 C=CODE     S=.text    G=(none)   M=MultiMon ACBP=A9
 0001:0007C4B8 00000038 C=CODE     S=.text    G=(none)   M=Imm      ACBP=A9
 0001:0007C4F0 00000FF8 C=CODE     S=.text    G=(none)   M=HelpIntfs ACBP=A9
 0001:0007D4E8 00000038 C=CODE     S=.text    G=(none)   M=WinSpool ACBP=A9
 0001:0007D520 00000044 C=CODE     S=.text    G=(none)   M=Printers ACBP=A9
 0001:0007D564 0000031F C=CODE     S=.text    G=(none)   M=FlatSB   ACBP=A9
 0001:0007D884 000001A4 C=CODE     S=.text    G=(none)   M=SyncObjs ACBP=A9
 0001:0007DA28 000009BB C=CODE     S=.text    G=(none)   M=UxTheme  ACBP=A9
 0001:0007E3E4 00000038 C=CODE     S=.text    G=(none)   M=RichEdit ACBP=A9
 0001:0007E41C 00000038 C=CODE     S=.text    G=(none)   M=ToolWin  ACBP=A9
 0001:0007E454 00000038 C=CODE     S=.text    G=(none)   M=RegStr   ACBP=A9
 0001:0007E48C 00000038 C=CODE     S=.text    G=(none)   M=WinInet  ACBP=A9
 0001:0007E4C4 00000038 C=CODE     S=.text    G=(none)   M=UrlMon   ACBP=A9
 0001:0007E4FC 00000038 C=CODE     S=.text    G=(none)   M=ShlObj   ACBP=A9
 0001:0007E534 00000038 C=CODE     S=.text    G=(none)   M=CommDlg  ACBP=A9
 0001:0007E56C 00000038 C=CODE     S=.text    G=(none)   M=Dlgs     ACBP=A9
 0001:0007E5A4 0000066D C=CODE     S=.text    G=(none)   M=Dialogs  ACBP=A9
 0001:0007EC14 00000652 C=CODE     S=.text    G=(none)   M=ExtCtrls ACBP=A9
 0001:0007F268 00000038 C=CODE     S=.text    G=(none)   M=ComStrs  ACBP=A9
 0001:0007F2A0 00000094 C=CODE     S=.text    G=(none)   M=Clipbrd  ACBP=A9
 0001:0007F334 00000038 C=CODE     S=.text    G=(none)   M=StrUtils ACBP=A9
 0001:0007F36C 000023BD C=CODE     S=.text    G=(none)   M=Buttons  ACBP=A9
 0001:0008172C 00000038 C=CODE     S=.text    G=(none)   M=ExtDlgs  ACBP=A9
 0001:00081764 00000068 C=CODE     S=.text    G=(none)   M=IniFiles ACBP=A9
 0001:000817CC 00000068 C=CODE     S=.text    G=(none)   M=Registry ACBP=A9
 0001:00081834 0000006C C=CODE     S=.text    G=(none)   M=Mapi     ACBP=A9
 0001:000818A0 00000058 C=CODE     S=.text    G=(none)   M=ExtActns ACBP=A9
 0001:000818F8 00000038 C=CODE     S=.text    G=(none)   M=ListActns ACBP=A9
 0001:00081930 00000180 C=CODE     S=.text    G=(none)   M=ComCtrls ACBP=A9
 0001:00081AB0 00000B28 C=CODE     S=.text    G=(none)   M=Themes   ACBP=A9
 0001:000825D8 00002388 C=CODE     S=.text    G=(none)   M=StdCtrls ACBP=A9
 0001:00084960 00000168 C=CODE     S=.text    G=(none)   M=StdActns ACBP=A9
 0001:00084AC8 00000D1F C=CODE     S=.text    G=(none)   M=WinHelpViewer ACBP=A9
 0001:000857E8 00010BF7 C=CODE     S=.text    G=(none)   M=Controls ACBP=A9
 0001:000963E0 00001292 C=CODE     S=.text    G=(none)   M=ActnList ACBP=A9
 0001:00097674 00001B9C C=CODE     S=.text    G=(none)   M=ImgList  ACBP=A9
 0001:00099210 000066AD C=CODE     S=.text    G=(none)   M=Menus    ACBP=A9
 0001:0009F8C0 0000C568 C=CODE     S=.text    G=(none)   M=Forms    ACBP=A9
 0001:000ABE28 00000038 C=CODE     S=.text    G=(none)   M=uTipoOperacao ACBP=A9
 0001:000ABE60 00000038 C=CODE     S=.text    G=(none)   M=uCalculaOperacao ACBP=A9
 0001:000ABE98 00000108 C=CODE     S=.text    G=(none)   M=uOperacaoAdicao ACBP=A9
 0001:000ABFA0 0000010C C=CODE     S=.text    G=(none)   M=uOperacaoSubtracao ACBP=A9
 0001:000AC0AC 00000110 C=CODE     S=.text    G=(none)   M=uOperacaoMultiplicacao ACBP=A9
 0001:000AC1BC 0000010C C=CODE     S=.text    G=(none)   M=uOperacaoDivisao ACBP=A9
 0001:000AC2C8 0000012C C=CODE     S=.text    G=(none)   M=uCalculaOperacaoFactory ACBP=A9
 0001:000AC3F4 0000015C C=CODE     S=.text    G=(none)   M=uCalculadora ACBP=A9
 0001:000AC550 000009FC C=CODE     S=.text    G=(none)   M=uTelaCalculadora ACBP=A9
 0001:000ACF4C 0000032D C=CODE     S=.text    G=(none)   M=Calculadora ACBP=A9
 0002:00000000 000000A4 C=DATA     S=.data    G=DGROUP   M=System   ACBP=A9
 0002:000000A4 00000020 C=DATA     S=.data    G=DGROUP   M=SysInit  ACBP=A9
 0002:000000C4 00000014 C=DATA     S=.data    G=DGROUP   M=ELeaks   ACBP=A9
 0002:000000D8 00000254 C=DATA     S=.data    G=DGROUP   M=SysUtils ACBP=A9
 0002:0000032C 00000008 C=DATA     S=.data    G=DGROUP   M=VarUtils ACBP=A9
 0002:00000334 0000008E C=DATA     S=.data    G=DGROUP   M=Variants ACBP=A9
 0002:000003C4 0000000C C=DATA     S=.data    G=DGROUP   M=TypInfo  ACBP=A9
 0002:000003D0 00000080 C=DATA     S=.data    G=DGROUP   M=Classes  ACBP=A9
 0002:00000450 00000908 C=DATA     S=.data    G=DGROUP   M=EConsts  ACBP=A9
 0002:00000D58 00000044 C=DATA     S=.data    G=DGROUP   M=ECore    ACBP=A9
 0002:00000D9C 0000004C C=DATA     S=.data    G=DGROUP   M=EDebug   ACBP=A9
 0002:00000DE8 00000001 C=DATA     S=.data    G=DGROUP   M=EWinSock ACBP=A9
 0002:00000DEC 000001A0 C=DATA     S=.data    G=DGROUP   M=EHook    ACBP=A9
 0002:00000F8C 00000001 C=DATA     S=.data    G=DGROUP   M=ESockets ACBP=A9
 0002:00000F90 00000E5C C=DATA     S=.data    G=DGROUP   M=EZlib2   ACBP=A9
 0002:00001DEC 00000212 C=DATA     S=.data    G=DGROUP   M=EHash    ACBP=A9
 0002:00002000 00000144 C=DATA     S=.data    G=DGROUP   M=EBase64  ACBP=A9
 0002:00002144 000034B0 C=DATA     S=.data    G=DGROUP   M=EWebTools ACBP=A9
 0002:000055F4 00000020 C=DATA     S=.data    G=DGROUP   M=EXMLBuilder ACBP=A9
 0002:00005614 00000024 C=DATA     S=.data    G=DGROUP   M=ELogManager ACBP=A9
 0002:00005638 000012D5 C=DATA     S=.data    G=DGROUP   M=EDisAsm  ACBP=A9
 0002:00006910 000005E0 C=DATA     S=.data    G=DGROUP   M=ExceptionLog ACBP=A9
 0002:00006EF0 00000304 C=DATA     S=.data    G=DGROUP   M=Graphics ACBP=A9
 0002:000071F4 00000004 C=DATA     S=.data    G=DGROUP   M=Printers ACBP=A9
 0002:000071F8 00000074 C=DATA     S=.data    G=DGROUP   M=Dialogs  ACBP=A9
 0002:0000726C 00000178 C=DATA     S=.data    G=DGROUP   M=ExtCtrls ACBP=A9
 0002:000073E4 00000088 C=DATA     S=.data    G=DGROUP   M=Buttons  ACBP=A9
 0002:0000746C 00000008 C=DATA     S=.data    G=DGROUP   M=IniFiles ACBP=A9
 0002:00007474 00000008 C=DATA     S=.data    G=DGROUP   M=Registry ACBP=A9
 0002:0000747C 00000008 C=DATA     S=.data    G=DGROUP   M=Mapi     ACBP=A9
 0002:00007484 00000018 C=DATA     S=.data    G=DGROUP   M=ComCtrls ACBP=A9
 0002:0000749C 00000068 C=DATA     S=.data    G=DGROUP   M=Themes   ACBP=A9
 0002:00007504 0000003C C=DATA     S=.data    G=DGROUP   M=StdCtrls ACBP=A9
 0002:00007540 0000013C C=DATA     S=.data    G=DGROUP   M=Controls ACBP=A9
 0002:0000767C 00000020 C=DATA     S=.data    G=DGROUP   M=ImgList  ACBP=A9
 0002:0000769C 000000EC C=DATA     S=.data    G=DGROUP   M=Menus    ACBP=A9
 0002:00007788 0000011C C=DATA     S=.data    G=DGROUP   M=Forms    ACBP=A9
 0002:00008000 00000664 C=BSS      S=.bss     G=DGROUP   M=System   ACBP=A9
 0002:00008664 00000010 C=BSS      S=.bss     G=DGROUP   M=SysInit  ACBP=A9
 0002:00008674 00000004 C=BSS      S=.bss     G=DGROUP   M=Types    ACBP=A9
 0002:00008678 00000004 C=BSS      S=.bss     G=DGROUP   M=Windows  ACBP=A9
 0002:0000867C 00000054 C=BSS      S=.bss     G=DGROUP   M=ELeaks   ACBP=A9
 0002:000086D0 00000004 C=BSS      S=.bss     G=DGROUP   M=SysConst ACBP=A9
 0002:000086D4 00000120 C=BSS      S=.bss     G=DGROUP   M=SysUtils ACBP=A9
 0002:000087F4 00000004 C=BSS      S=.bss     G=DGROUP   M=Messages ACBP=A9
 0002:000087F8 0000005C C=BSS      S=.bss     G=DGROUP   M=VarUtils ACBP=A9
 0002:00008854 00000040 C=BSS      S=.bss     G=DGROUP   M=Variants ACBP=A9
 0002:00008894 00000004 C=BSS      S=.bss     G=DGROUP   M=RTLConsts ACBP=A9
 0002:00008898 00000004 C=BSS      S=.bss     G=DGROUP   M=TypInfo  ACBP=A9
 0002:0000889C 00000004 C=BSS      S=.bss     G=DGROUP   M=ActiveX  ACBP=A9
 0002:000088A0 00000044 C=BSS      S=.bss     G=DGROUP   M=Classes  ACBP=A9
 0002:000088E4 00000004 C=BSS      S=.bss     G=DGROUP   M=ETypes   ACBP=A9
 0002:000088E8 00000004 C=BSS      S=.bss     G=DGROUP   M=EConsts  ACBP=A9
 0002:000088EC 00000009 C=BSS      S=.bss     G=DGROUP   M=ECore    ACBP=A9
 0002:000088F8 00000004 C=BSS      S=.bss     G=DGROUP   M=EDebug   ACBP=A9
 0002:000088FC 00000004 C=BSS      S=.bss     G=DGROUP   M=ShellAPI ACBP=A9
 0002:00008900 00000010 C=BSS      S=.bss     G=DGROUP   M=EWinSock ACBP=A9
 0002:00008910 00000010 C=BSS      S=.bss     G=DGROUP   M=EHook    ACBP=A9
 0002:00008920 00000004 C=BSS      S=.bss     G=DGROUP   M=ELang    ACBP=A9
 0002:00008924 00000004 C=BSS      S=.bss     G=DGROUP   M=ESockets ACBP=A9
 0002:00008928 00002894 C=BSS      S=.bss     G=DGROUP   M=EZlib2   ACBP=A9
 0002:0000B1BC 00000404 C=BSS      S=.bss     G=DGROUP   M=EHash    ACBP=A9
 0002:0000B5C0 0000001C C=BSS      S=.bss     G=DGROUP   M=EEncrypt ACBP=A9
 0002:0000B5DC 00000004 C=BSS      S=.bss     G=DGROUP   M=EBase64  ACBP=A9
 0002:0000B5E0 00000004 C=BSS      S=.bss     G=DGROUP   M=EZip     ACBP=A9
 0002:0000B5E4 00000048 C=BSS      S=.bss     G=DGROUP   M=EWebTools ACBP=A9
 0002:0000B62C 00000004 C=BSS      S=.bss     G=DGROUP   M=EXMLBuilder ACBP=A9
 0002:0000B630 00000004 C=BSS      S=.bss     G=DGROUP   M=ELogManager ACBP=A9
 0002:0000B634 00000004 C=BSS      S=.bss     G=DGROUP   M=EListView ACBP=A9
 0002:0000B638 00000004 C=BSS      S=.bss     G=DGROUP   M=EDisAsm  ACBP=A9
 0002:0000B63C 00000E80 C=BSS      S=.bss     G=DGROUP   M=ExceptionLog ACBP=A9
 0002:0000C4BC 00000004 C=BSS      S=.bss     G=DGROUP   M=Consts   ACBP=A9
 0002:0000C4C0 00000060 C=BSS      S=.bss     G=DGROUP   M=Graphics ACBP=A9
 0002:0000C520 00000004 C=BSS      S=.bss     G=DGROUP   M=Math     ACBP=A9
 0002:0000C524 00000004 C=BSS      S=.bss     G=DGROUP   M=Contnrs  ACBP=A9
 0002:0000C528 00000004 C=BSS      S=.bss     G=DGROUP   M=CommCtrl ACBP=A9
 0002:0000C52C 00000031 C=BSS      S=.bss     G=DGROUP   M=MultiMon ACBP=A9
 0002:0000C560 00000004 C=BSS      S=.bss     G=DGROUP   M=Imm      ACBP=A9
 0002:0000C564 00000008 C=BSS      S=.bss     G=DGROUP   M=HelpIntfs ACBP=A9
 0002:0000C56C 00000004 C=BSS      S=.bss     G=DGROUP   M=WinSpool ACBP=A9
 0002:0000C570 00000004 C=BSS      S=.bss     G=DGROUP   M=Printers ACBP=A9
 0002:0000C574 00000034 C=BSS      S=.bss     G=DGROUP   M=FlatSB   ACBP=A9
 0002:0000C5A8 00000004 C=BSS      S=.bss     G=DGROUP   M=SyncObjs ACBP=A9
 0002:0000C5AC 000000CC C=BSS      S=.bss     G=DGROUP   M=UxTheme  ACBP=A9
 0002:0000C678 00000004 C=BSS      S=.bss     G=DGROUP   M=RichEdit ACBP=A9
 0002:0000C67C 00000004 C=BSS      S=.bss     G=DGROUP   M=ToolWin  ACBP=A9
 0002:0000C680 00000004 C=BSS      S=.bss     G=DGROUP   M=RegStr   ACBP=A9
 0002:0000C684 00000004 C=BSS      S=.bss     G=DGROUP   M=WinInet  ACBP=A9
 0002:0000C688 00000004 C=BSS      S=.bss     G=DGROUP   M=UrlMon   ACBP=A9
 0002:0000C68C 00000004 C=BSS      S=.bss     G=DGROUP   M=ShlObj   ACBP=A9
 0002:0000C690 00000004 C=BSS      S=.bss     G=DGROUP   M=CommDlg  ACBP=A9
 0002:0000C694 00000004 C=BSS      S=.bss     G=DGROUP   M=Dlgs     ACBP=A9
 0002:0000C698 0000000C C=BSS      S=.bss     G=DGROUP   M=Dialogs  ACBP=A9
 0002:0000C6A4 00000004 C=BSS      S=.bss     G=DGROUP   M=ExtCtrls ACBP=A9
 0002:0000C6A8 00000004 C=BSS      S=.bss     G=DGROUP   M=ComStrs  ACBP=A9
 0002:0000C6AC 0000000C C=BSS      S=.bss     G=DGROUP   M=Clipbrd  ACBP=A9
 0002:0000C6B8 00000004 C=BSS      S=.bss     G=DGROUP   M=StrUtils ACBP=A9
 0002:0000C6BC 00000030 C=BSS      S=.bss     G=DGROUP   M=Buttons  ACBP=A9
 0002:0000C6EC 00000004 C=BSS      S=.bss     G=DGROUP   M=ExtDlgs  ACBP=A9
 0002:0000C6F0 00000004 C=BSS      S=.bss     G=DGROUP   M=IniFiles ACBP=A9
 0002:0000C6F4 00000004 C=BSS      S=.bss     G=DGROUP   M=Registry ACBP=A9
 0002:0000C6F8 00000004 C=BSS      S=.bss     G=DGROUP   M=Mapi     ACBP=A9
 0002:0000C6FC 00000009 C=BSS      S=.bss     G=DGROUP   M=ExtActns ACBP=A9
 0002:0000C708 00000004 C=BSS      S=.bss     G=DGROUP   M=ListActns ACBP=A9
 0002:0000C70C 00000010 C=BSS      S=.bss     G=DGROUP   M=ComCtrls ACBP=A9
 0002:0000C71C 00000008 C=BSS      S=.bss     G=DGROUP   M=Themes   ACBP=A9
 0002:0000C724 00000004 C=BSS      S=.bss     G=DGROUP   M=StdCtrls ACBP=A9
 0002:0000C728 00000004 C=BSS      S=.bss     G=DGROUP   M=StdActns ACBP=A9
 0002:0000C72C 00000014 C=BSS      S=.bss     G=DGROUP   M=WinHelpViewer ACBP=A9
 0002:0000C740 00000080 C=BSS      S=.bss     G=DGROUP   M=Controls ACBP=A9
 0002:0000C7C0 00000004 C=BSS      S=.bss     G=DGROUP   M=ActnList ACBP=A9
 0002:0000C7C4 0000000C C=BSS      S=.bss     G=DGROUP   M=ImgList  ACBP=A9
 0002:0000C7D0 00000010 C=BSS      S=.bss     G=DGROUP   M=Menus    ACBP=A9
 0002:0000C7E0 00000020 C=BSS      S=.bss     G=DGROUP   M=Forms    ACBP=A9
 0002:0000C800 00000004 C=BSS      S=.bss     G=DGROUP   M=uTipoOperacao ACBP=A9
 0002:0000C804 00000004 C=BSS      S=.bss     G=DGROUP   M=uCalculaOperacao ACBP=A9
 0002:0000C808 00000004 C=BSS      S=.bss     G=DGROUP   M=uOperacaoAdicao ACBP=A9
 0002:0000C80C 00000004 C=BSS      S=.bss     G=DGROUP   M=uOperacaoSubtracao ACBP=A9
 0002:0000C810 00000004 C=BSS      S=.bss     G=DGROUP   M=uOperacaoMultiplicacao ACBP=A9
 0002:0000C814 00000004 C=BSS      S=.bss     G=DGROUP   M=uOperacaoDivisao ACBP=A9
 0002:0000C818 00000004 C=BSS      S=.bss     G=DGROUP   M=uCalculaOperacaoFactory ACBP=A9
 0002:0000C81C 00000004 C=BSS      S=.bss     G=DGROUP   M=uCalculadora ACBP=A9
 0002:0000C820 00000008 C=BSS      S=.bss     G=DGROUP   M=uTelaCalculadora ACBP=A9


  Address         Publics by Name

 0001:0002F588       ..
 0002:000010E4       ..
 0002:0000A930       ..
 0002:00001254       ..
 0002:00001028       ..
 0002:00008930       ..
 0001:0002F4C0       ..
 0002:00000FB8       ..
 0002:00001020       ..
 0001:0002F0B4       ..
 0001:00032FF0       ..
 0002:00001380       ..
 0002:00001014       ..
 0002:00001040       ..
 0001:0002DBA0       ..
 0002:00001094       ..
 0002:000088F8       .03
 0002:0000C6F8       .1
 0002:0000C594       .1
 0002:0000C668       .1
 0002:0000C678       .1
 0002:0000C734       .1
 0002:00008694       .1
 0002:0000C680       .1
 0002:0000C4BC       .1
 0002:00008894       .1
 0002:00008674       .1
 0002:0000C6A8       .1
 0002:0000C684       .1
 0002:0000C688       .1
 0002:0000C68C       .1
 0002:000088E4       .1
 0002:0000B5DC       .1
 0002:0000C800       .1
 0002:0000C560       .1
 0002:000086D0       .1
 0002:000087F4       .1
 0002:0000C54C       .1
 0002:0000C528       .1
 0002:0000B1BC       .1
 0002:000088FC       .1
 0002:0000866C       .1
 0002:0000C694       .1
 0002:0000C6B8       .1
 0002:00008910       .1
 0002:00008920       .1
 0002:0000C690       .1
 0002:0000C804       .1
 0002:0000B5C0       .1
 0002:0000C698       .11
 0002:0000C6A4       .12
 0002:0000C4C4       .12
 0002:00008928       .2
 0002:0000C71C       .2
 0002:0000B638       .2
 0002:0000C564       .2
 0002:0000C6B0       .2
 0002:0000C520       .2
 0002:0000C808       .2
 0002:0000C80C       .2
 0002:0000C810       .2
 0002:0000C814       .2
 0002:0000C818       .2
 0002:0000C81C       .2
 0002:0000C824       .2
 0002:0000B634       .2
 0002:0000B660       .21
 0002:0000C524       .21
 0002:0000B62C       .3
 0002:00008678       .3
 0002:0000C7C4       .3
 0002:0000C6EC       .3
 0002:0000B630       .3
 0002:0000B5E0       .3
 0002:0000C570       .3
 0002:00008924       .3
 0002:0000C56C       .3
 0002:0000889C       .3
 0002:000087E4       .35
 0002:0000C70C       .36
 0002:0000C67C       .4
 0002:00008900       .4
 0002:000088F0       .4
 0002:0000C6BC       .4
 0002:0000C7E8       .41
 0002:0000C724       .42
 0002:000088AC       .45
 0002:0000C6F4       .5
 0002:000088E8       .5
 0002:00008850       .5
 0002:000085BC       .5
 0002:0000C5A8       .6
 0002:00008898       .6
 0002:0000B5E4       .7
 0002:0000C748       .72
 0002:0000C6FC       .72
 0002:0000C728       .73
 0002:0000C708       .8
 0002:0000C7C0       .8
 0002:0000C6F0       .8
 0002:00008874       .81
 0002:0000C7D8       .9
 0001:00002078       @AbstractError
 0001:000047E0       @AddRefArray
 0001:00004798       @AddRefRecord
 0001:00003038       @AfterConstruction
 0001:00002E7C       @AsClass
 0001:00003AF8       @Assert
 0001:000024E4       @AStrCmp
 0001:00003048       @BeforeDestruction
 0001:00002EC8       @CallDynaInst
 0001:00005810       @CheckAutoResult
 0001:00002FE0       @ClassCreate
 0001:00003030       @ClassDestroy
 0001:000023B0       @Close
 0001:00001C94       @Copy
 0001:000049D4       @CopyArray
 0001:000048B8       @CopyRecord
 0001:0002FF34       @deflateInit2_
 0001:00004AEC       @DispCallByIDError
 0001:00011948       @DispInvokeError
 0001:00004ADC       @Dispose
 0001:00003588       @DoneExcept
 0001:00005004       @DynArrayAddRef
 0001:00004FDC       @DynArrayAsg
 0001:00004FA0       @DynArrayClear
 0001:00004DC0       @DynArrayHigh
 0001:00004DB8       @DynArrayLength
 0001:00004F94       @DynArraySetLength
 0001:00003670       @ExceptionHandler
 0001:00002554       @FillChar
 0001:0002F180       @fill_fopen_filefunc
 0001:0000478C       @Finalize
 0001:000046A0       @FinalizeArray
 0001:00004654       @FinalizeRecord
 0001:000023A4       @Flush
 0001:00002BF8       @FpuInit
 0001:00002B34       @FpuMaskInit
 0001:00001AB8       @FreeMem
 0001:00001A88       @GetMem
 0001:00005E4C       @GetTls
 0001:0002F6B8       @get_crc_table
 0001:00003AE0       @Halt
 0001:00003A00       @Halt0
 0001:0000315C       @HandleAnyException
 0001:00003448       @HandleAutoException
 0001:00003410       @HandleFinally
 0001:00003288       @HandleOnException
 0001:00031628       @inflateInit2_
 0001:00031070       @inflate_fast
 0001:00032B80       @inflate_table
 0001:00005E98       @InitExe
 0001:00004648       @Initialize
 0001:000045B4       @InitializeArray
 0001:00004584       @InitializeRecord
 0001:000038C4       @InitImports
 0001:0000389C       @InitResStringImports
 0001:00003878       @InitResStrings
 0001:00001D50       @Insert
 0001:00005774       @IntfAddRef
 0001:00005744       @IntfCast
 0001:00005700       @IntfClear
 0001:00005718       @IntfCopy
 0001:00002E58       @IsClass
 0001:00002B04       @isNECWindows
 0001:00001CD8       @LGetDir
 0001:00004068       @LStrAddRef
 0001:00003BC0       @LStrArrayClr
 0001:00003BF0       @LStrAsg
 0001:00003E80       @LStrCat
 0001:00003EC4       @LStrCat3
 0001:00003F38       @LStrCatN
 0001:00003B9C       @LStrClr
 0001:00003FC4       @LStrCmp
 0001:000040D8       @LStrCopy
 0001:00004118       @LStrDelete
 0001:00003E0C       @LStrFromArray
 0001:00003D84       @LStrFromChar
 0001:00003D94       @LStrFromPChar
 0001:00003C8C       @LStrFromPCharLen
 0001:00003DC4       @LStrFromPWChar
 0001:00003CF8       @LStrFromPWCharLen
 0001:00003E00       @LStrFromString
 0001:00003E24       @LStrFromWArray
 0001:00003E40       @LStrFromWStr
 0001:00004160       @LStrInsert
 0001:00003C34       @LStrLAsg
 0001:00003E78       @LStrLen
 0001:000041BC       @LStrPos
 0001:00004204       @LStrSetLength
 0001:00004078       @LStrToPChar
 0001:00003E54       @LStrToString
 0001:00004AC8       @New
 0001:00003C60       @NewAnsiString
 0001:000042AC       @NewWideString
 0001:00001FE0       @Pos
 0001:00002818       @Pow10
 0001:00002460       @PStrCmp
 0001:00002438       @PStrCpy
 0001:00002408       @PStrNCat
 0001:00002444       @PStrNCpy
 0001:00003534       @RaiseAgain
 0001:0000350C       @RaiseExcept
 0001:00002574       @RandInt
 0001:00001AD8       @ReallocMem
 0001:000020EC       @RewritText
 0001:00002048       @ROUND
 0001:00003AEC       @RunError
 0001:000027FC       @SetEq
 0001:00002020       @SetLength
 0001:00003838       @StartExe
 0001:000002F4       @strlen
 0001:00002054       @TRUNC
 0001:000035B8       @TryFinallyExit
 0001:000040D0       @UniqueStringA
 0001:00004B94       @ValInt64
 0001:00002590       @ValLong
 0001:00013040       @VarAddRef
 0001:000047C8       @VarAddRef
 0001:00011C34       @VarClear
 0001:00011C48       @VarClr
 0001:00004688       @VarClr
 0001:00011F70       @VarCopy
 0001:000048A0       @VarCopy
 0001:00012F78       @VarFromBool
 0001:00012FC8       @VarFromCurr
 0001:00012F10       @VarFromInt
 0001:00012F4C       @VarFromInt64
 0001:00012FDC       @VarFromLStr
 0001:00012FA0       @VarFromReal
 0001:00012FB4       @VarFromTDateTime
 0001:00013008       @VarFromWStr
 0001:0001199C       @VarNull
 0001:0001229C       @VarToLStr
 0001:000129BC       @VarToWStr
 0001:00004268       @Write0LString
 0001:000026A8       @WriteBytes
 0001:00002778       @WriteLn
 0001:00004284       @WriteLString
 0001:000026FC       @WriteSpaces
 0001:00004564       @WStrAddRef
 0001:000042EC       @WStrArrayClr
 0001:00004310       @WStrAsg
 0001:000042D4       @WStrClr
 0001:0000444C       @WStrCmp
 0001:000044D0       @WStrCopy
 0001:00004420       @WStrFromLStr
 0001:00004334       @WStrFromPCharLen
 0001:000043E4       @WStrFromPWChar
 0001:000043C0       @WStrFromPWCharLen
 0001:00004440       @WStrLen
 0001:0000451C       @WStrSetLength
 0001:00004430       @WStrToPWChar
 0001:000027D8       @_CLenToPasStr
 0001:000027CC       @_CToPasStr
 0001:00001C64       @_IOTest
 0001:00004B18       @_llmod
 0001:00004AF4       @_llmul
 0001:000341F0       @_tr_align
 0001:000344BC       @_tr_flush_block
 0001:00032FF4       @_tr_init
 0001:00034134       @_tr_stored_block
 0001:0000E55C       Abort
 0002:0000B791       AbortOperation
 0001:000884EC       AbsMin
 0001:0000E8E0       AbstractErrorHandler
 0002:0000802C       AbstractErrorProc
 0002:0000015C       AccessMode
 0001:000661B8       AccessViolationModuleInLongFormat
 0001:00001BAC       AcquireExceptionObject
 0001:0005CCF8       ActicatePage
 0001:000168EC       ActivateClassGroup
 0002:0000B7D8       ActivateEurekaLog
 0001:000066E8       ActivateKeyboardLayout
 0002:0000C77C       ActiveDrag
 0001:00014578       ActiveX
 0001:00097648       ActnList
 0001:00037B8C       AddAuthenticationToURL
 0001:0000045C       AddBlockAfter
 0001:0006C9FC       AddCallerCallStack
 0001:00060C3C       AddColor
 0001:00058780       AddCustomHeadersToLog
 0001:00058624       AddCustomHeaderToLog
 0002:000003D0       AddDataModule
 0001:0002C948       AddDNS
 0001:00009FD4       AddExitProc
 0001:00019D40       AddFinished
 0001:0009AE44       AddIn
 0002:00008690       AddLeak
 0001:000572C0       AddModule
 0001:000571BC       AddModuleFromFileName
 0001:00005558       AddModuleUnloadProc
 0001:00005568       AddModuleUnloadProc
 0001:00051114       AddNewProcess
 0001:000514E4       AddNewProcessEx
 0001:00019D78       AddNotFinished
 0001:0002AA1C       AddrSize
 0001:00065480       AddStr
 0001:0001A79C       AddSubComponentsToLoaded
 0001:0001CBB0       AddThread
 0001:00057360       AddToStack
 0001:0003FC58       AddValueField
 0001:0002D9B4       AddZipFile
 0001:00077C0C       AdjustColor
 0001:0005CC48       AdjustDialog
 0001:0005A0C4       AdjustFlatStyle
 0001:000A1EE8       Adjustment
 0001:000066F0       AdjustWindowRectEx
 0001:0002F1B8       adler32
 0001:00061830       AfterScreenshot
 0001:00061544       AfterScreenshotToStream
 0002:00007760       Alignments
 0002:00007770       Alignments
 0001:000A8E2C       AlignWork
 0001:0008DB58       AlignWork
 0002:000086AC       AllocatedList_End
 0002:000086A4       AllocatedList_Lock
 0002:000086A8       AllocatedList_Start
 0001:0001E408       AllocateHWnd
 0001:00009F78       AllocMem
 0002:000085B4       AllocMemCount
 0002:000085B8       AllocMemSize
 0001:0007B72C       AllocPatternBitmap
 0001:00005DF4       AllocTlsBuffer
 0002:000055D4       AlphaNumerics
 0002:0000754C       AnchorAlign
 0002:00007540       AnimateWindowProc
 0002:00007648       AnimationStyle
 0001:0000F23C       AnsiCompareFileName
 0001:0000A1A8       AnsiCompareStr
 0001:0000A1E0       AnsiCompareText
 0001:0000A98C       AnsiLastChar
 0001:000066F8       AnsiLower
 0001:0000A174       AnsiLowerCase
 0001:0000F2BC       AnsiLowerCaseFileName
 0001:0000F200       AnsiPos
 0001:0009F6CC       AnsiSameCaption
 0001:0000A218       AnsiSameText
 0001:0000A230       AnsiStrLIComp
 0001:0000F348       AnsiStrPos
 0001:0000F408       AnsiStrRScan
 0001:0000F450       AnsiStrScan
 0001:00005B90       AnsiToUtf8
 0001:0000C830       AppendChars
 0001:0000CBFC       AppendFormat
 0001:0000C894       AppendNumber
 0001:0000C874       AppendString
 0002:0000C7E0       Application
 0002:000003E0       ApplicationHandleException
 0001:00057B50       ApplicationRestore
 0002:000003E8       ApplicationShowException
 0002:0000789C       AppVisible
 0001:00007ABC       AreTheSameLeak
 0001:0005608C       ASMAssigned
 0002:00000E8C       AsmConst
 0001:00065F88       ASPDotNetWebSiteFile
 0001:0005B660       AssemblerDialogProc
 0001:0004CA34       AssemblerToRTF
 0001:0000E8C4       AssertErrorHandler
 0002:00008024       AssertErrorProc
 0001:00013E10       AssignLongStr
 0001:0005F128       AssignOnCloseData
 0001:00059040       AssignPriority
 0001:00029D2C       AssignValidDebugInfo
 0001:00014374       AssignVariant
 0001:000626E4       AttachedFile
 0001:0006297C       AttachedFiles
 0002:0000B654       AttachedFilesRequest
 0001:0006864C       AttrToString
 0002:0000B7DC       AutoCloseTimer
 0001:000584F8       AutoCloseTimerProc
 0002:0000860C       avail
 0001:0000AE90       BackfillGetDiskFreeSpaceEx
 0001:0008B080       BackgroundClipped
 0001:0001093C       BackupVarBoolFromStr
 0001:00010A9C       BackupVarBStrFromBool
 0001:000109BC       BackupVarBStrFromCy
 0001:00010A2C       BackupVarBStrFromDate
 0001:000108D0       BackupVarCyFromStr
 0001:00010864       BackupVarDateFromStr
 0001:00010720       BackupVarI4FromStr
 0001:000106CC       BackupVariantChangeTypeEx
 0001:0001078C       BackupVarR4FromStr
 0001:000107F8       BackupVarR8FromStr
 0001:00035E8C       Base64Decode
 0001:00035FC8       Base64DecodeStr
 0001:00036034       Base64DecodeString
 0001:00035D3C       Base64Encode
 0001:00062288       Base64EncodeFromFile
 0001:00035F74       Base64EncodeStr
 0001:0003602C       Base64EncodeString
 0001:0003603C       Base64EncodeToString
 0002:00002040       Base64Filler
 0001:0000EEC0       Beep
 0001:00016C44       BeginGlobalLoading
 0001:00006700       BeginPaint
 0001:00003B50       BeginThread
 0001:00077C18       BetterSize
 0001:0009BCD8       BiDiDraw
 0001:00023834       BinToStr
 0001:000064E0       BitBlt
 0002:00007410       BitBtnCaptions
 0002:0000C6C0       BitBtnGlyphs
 0002:0000743C       BitBtnModalResults
 0002:000073E4       BitBtnResNames
 0002:000071A8       BitmapCanvasList
 0002:0000C4DC       BitmapImageLock
 0001:00010708       BiUnimplemented
 0002:00000424       BlockCode
 0002:000085E4       blockDescBlockList
 0002:000085E8       blockDescFreeList
 0001:00065010       BlockingSendInternetMessage
 0002:000000C8       BlockOverFoot
 0002:000000C4       BlockOverHead
 0002:000003C4       BooleanIdents
 0002:00000340       BooleanToStringRule
 0001:0000A698       BoolToStr
 0001:00012024       BoolToWStrViaOS
 0002:00007504       BorderStyles
 0001:00015C04       Bounds
 0001:00005F38       Bounds
 0002:00007708       Breaks
 0002:0000C514       BrushManager
 0001:0009E4AC       BuildImage
 0001:0005177C       BuildListPS
 0001:00051640       BuildListTH
 0002:00007240       ButtonCaptions
 0002:00007214       ButtonNames
 0001:00081704       Buttons
 0002:00007784       Buttons
 0002:00007538       ButtonStyles
 0002:000068F8       ByteRegs1
 0002:000068FC       ByteRegs2
 0001:00060DB8       BytesPerScanline
 0001:000773E4       BytesPerScanline
 0001:000607EC       BytesSwap
 0001:00077748       ByteSwapColors
 0001:0000EFA4       ByteToCharIndex
 0001:0000EF7C       ByteToCharLen
 0001:0000EF40       ByteType
 0001:0000EEC8       ByteTypeTest
 0002:0000C7C8       CachedComCtrlVer
 0002:0000B9D4       Cached_LogFile
 0001:000708F4       CalcAddr
 0001:0006081C       CalcCRC
 0001:00035CFC       CalcDecodedSize
 0001:00054254       CalcDuplicatedException
 0001:00035CD0       CalcEncodedSize
 0001:0001E344       CalcJmpOffset
 0001:000956D0       CalcSplitterPos
 0001:000AD234       Calculadora
 0001:0002ADA4       CalculateRelocatedAsmSize
 0001:0005526C       CallAttachedFilesRequest
 0001:000552DC       CallAttachedFilesRequestEvents
 0001:00055410       CallCustomButtonClickEvent
 0001:0005547C       CallCustomButtonClickEvents
 0001:0005519C       CallCustomDataRequest
 0001:0005520C       CallCustomDataRequestEvents
 0001:00055340       CallCustomWebFieldsRequest
 0001:000553B0       CallCustomWebFieldsRequestEvents
 0001:0000703C       CallerOfReallocMem
 0001:00054EA0       CallExceptionActionNotify
 0001:00068F6C       CallExceptionActionNotify_atSavedLogFile
 0001:00068F48       CallExceptionActionNotify_atSavingLogFile
 0001:00063E04       CallExceptionActionNotify_atSendingEmail
 0001:00063E4C       CallExceptionActionNotify_atSendingWebMessage
 0001:00063E28       CallExceptionActionNotify_atSentEmail
 0001:00063E70       CallExceptionActionNotify_atSentWebMessage
 0001:000692E8       CallExceptionActionNotify_atShowedExceptionInfo
 0001:000692C4       CallExceptionActionNotify_atShowingExceptionInfo
 0001:0006010C       CallExceptionActionNotify_atTerminating
 0001:00055014       CallExceptionErrorNotify
 0001:00068F90       CallExceptionErrorNotify_atSavedLogFile
 0001:00063E94       CallExceptionErrorNotify_atSentEmail
 0001:00063EB8       CallExceptionErrorNotify_atSentWebMessage
 0001:00054CA8       CallExceptionNotify
 0001:00054D14       CallExceptionNotifyEvents
 0002:00006918       CallForGetLogText
 0002:00006914       CallFromCOMObject
 0001:00054D78       CallHandledExceptionNotify
 0001:00054DE4       CallHandledExceptionNotifyEvents
 0001:00055218       CallModuleEvent_AttachedFilesRequest
 0001:000553BC       CallModuleEvent_CustomButtonClickNotify
 0001:00055148       CallModuleEvent_CustomDataRequest
 0001:000552E8       CallModuleEvent_CustomWebFieldsRequest
 0001:00054DF0       CallModuleEvent_ExceptionActionNotify
 0001:00054F68       CallModuleEvent_ExceptionErrorNotify
 0001:00054C58       CallModuleEvent_ExceptionNotify
 0001:00054D20       CallModuleEvent_HandledExceptionNotify
 0001:00055488       CallModuleEvent_PasswordRequest
 0001:00006708       CallNextHookEx
 0001:000550DC       CallPasswordRequest
 0001:0005777C       CallStackByAddresses
 0001:0005BB78       CallStackDialogProc
 0001:0000FB28       CallTerminateProcs
 0001:00006710       CallWindowProc
 0001:0006930C       CallWriteIntraWebText
 0001:0006F378       Call_HookedExceptionObject
 0001:0006F0D4       Call_HookedRaise
 0001:0006F3A4       Call_HookedRtlUnwind
 0001:00060374       CalsCoordinates
 0002:0000B792       CanAttachScreenshot
 0002:0000B78D       CanAttachScreenshot_Show
 0001:00089524       CancelDrag
 0002:0000B793       CanCopy
 0002:0000B78E       CanCopy_Show
 0001:00055E58       CanExit
 0002:0000B755       CanHookLibraries
 0002:00006E3C       CannotProcessMessagesExceptions
 0002:00006E88       CannotShowDialog
 0002:0000B958       CannotUseThread
 0001:0006CA70       CanPauseThisThread
 0002:0000B78C       CanSendError_Show
 0002:0000B790       CanSendMessage
 0001:0007078C       CanShowHandledExceptionEx
 0002:0000B78F       CanSupport_Show
 0002:0000C518       CanvasList
 0002:0000C790       CanvasList
 0002:0000BA04       CaptionFontName
 0002:00007200       Captions
 0002:0000BC40       CAPTION_HEIGHT
 0002:00007604       CaptureControl
 0002:00002000       cBase64Codec
 0002:00002044       cBase64Codec
 0002:000076A8       cBooleanToItemAutoFlag
 0001:00059B04       CenterOnActiveWndMonitor
 0001:0005847C       CenterWindow
 0002:0000C6AE       CF_COMPONENT
 0002:0000C6AC       CF_PICTURE
 0002:0000B710       CGIHandleException
 0002:0000B6BC       CGIOutputFile
 0002:0000886C       ChangeAnyProc
 0001:0000AA14       ChangeFileExt
 0001:00072B28       ChangeFinalizationOrder
 0001:0005F09C       ChangeLogUserEmail
 0002:0000751C       CharCases
 0001:00003CBC       CharFromWChar
 0001:0000F188       CharLength
 0001:00006718       CharLowerBuff
 0001:00006720       CharNext
 0001:00000254       CharNext
 0002:00005618       chars
 0001:00075D20       CharsetToIdent
 0001:0000F090       CharToByteIndex
 0001:0000F0F4       CharToByteLen
 0001:00006728       CharToOemA
 0001:000781D4       CheckBool
 0001:000734B0       CheckCrc32
 0001:000228E8       CheckDirectoryExists
 0001:00037AF8       CheckError
 0001:0002B468       CheckFail
 0001:0007280C       CheckForMemoryLeaks
 0001:00052E30       CheckForResult
 0001:000226C0       CheckIntoIDE
 0001:000030D8       CheckJmp
 0001:0002D34C       CheckLibrary
 0001:0004BA7C       CheckMagicCode
 0001:00006730       CheckMenuItem
 0001:000077B8       CheckOurPointer
 0002:000076F8       Checks
 0001:0001A7D8       CheckSubComponents
 0001:0001CBC8       CheckSynchronize
 0001:000A1924       CheckTaskWindow
 0001:000891D8       CheckUndock
 0001:0000EDB4       CheckWin32Version
 0002:00000344       CInvalidCustomVariantType
 0002:000076AC       cItemAutoFlagToBoolean
 0002:000076A4       cItemAutoFlagToMenu
 0001:0001E594       Classes
 0001:000166B0       ClassNotFound
 0002:00008868       ClearAnyProc
 0001:000755A0       ClearColor
 0001:0004F990       ClearInternalError
 0001:0001337C       ClearVariantTypeList
 0002:0000BBA9       ClickLinkActive
 0001:00043124       ClickOnSign
 0001:00006738       ClientToScreen
 0001:00092C74       ClientToWindow
 0002:000071A0       ClipboardFormats
 0001:0007F2DC       Clipbrd
 0001:0004DE6C       CloneObject
 0001:00006740       CloseClipboard
 0001:000001F4       CloseHandle
 0001:000060B0       CloseHandle
 0001:00054238       CloseLogFile
 0001:00062608       CloseSendDialog
 0001:0002A16C       closesocket
 0002:0000C5B0       CloseThemeData
 0001:0002DB78       CloseZipFile
 0002:0000B718       CLXHandleException
 0002:0000B71C       CLXShowException
 0002:00008040       CmdLine
 0002:0000803C       CmdShow
 0002:000076A0       cMenuAutoFlagToItem
 0001:00010714       CmpUnimplemented
 0002:00006EB0       ColIdx
 0002:00006F20       Colors
 0001:00075B18       ColorToIdent
 0002:0000726C       ColorToPretyName
 0001:00075B08       ColorToRGB
 0002:0000BBDC       ColWidths
 0001:000064E8       CombineRgn
 0002:0000C718       ComCtlVersion
 0001:00081AA8       ComCtrls
 0002:0000C7DC       CommandPool
 0001:0007BD28       CommCtrl
 0001:0007E564       CommDlg
 0001:000007DC       Commit
 0002:00008628       committedRoot
 0001:00061488       CommonSaveToStream
 0001:0005636C       CompareEurekaFunctions
 0001:0009A428       CompareFront
 0001:0000A0DC       CompareMem
 0001:00050BDC       CompareModulesFunctions
 0001:00050F68       CompareProcessesFunctions
 0001:0000A0AC       CompareStr
 0001:000060B8       CompareString
 0001:0000A0FC       CompareText
 0001:0000A5C0       CompareWith
 0001:000673EC       CompleteIP
 0001:00039978       CompleteNumber
 0001:0003EE74       CompleteStr
 0001:0004C01C       CompleteStr
 0001:000686A8       CompleteString
 0001:00021240       CompleteVersion
 0001:0001A8B8       ComponentCreated
 0001:00034F74       Compress
 0001:0002F574       compressBound
 0001:000252D8       ComputerName
 0001:0004D918       ComputerName
 0001:0007F298       ComStrs
 0001:0002A198       connect
 0001:0007455C       Consts
 0001:0007BC2C       Contnrs
 0002:0000C74E       ControlAtom
 0002:0000C754       ControlAtomString
 0001:000A66D0       ControlHasHelp
 0001:00096350       Controls
 0001:0000E2EC       ConvertAddr
 0001:00021F70       ConvertAddress
 0001:00007324       ConvertAddress
 0001:0000C988       ConvertEraString
 0001:00009F3C       ConvertError
 0001:00009F54       ConvertErrorFmt
 0001:0003E548       ConvertNotDosText
 0001:0003653C       ConvertSpecialHTMLChars
 0001:0000CAF4       ConvertYearString
 0001:00004DC8       CopyArray
 0001:00078CAC       CopyBitmap
 0001:00079374       CopyBitmapAsMask
 0001:000814B4       CopyImage
 0001:00006CB8       CopyMemory
 0001:00079310       CopyPalette
 0001:00006748       CopyRect
 0002:000074A0       Copyright
 0001:000557A0       CopyStrings
 0001:0009D558       CopyToBest
 0001:000081FC       CountAllLeaks
 0001:0000F000       CountChars
 0002:0000C4F4       CounterLock
 0001:0005CA1C       CPUDialogProc
 0001:0004CDD0       CPUToRTF
 0002:00000348       CRangeToType
 0002:00001DEC       Crc16Tab
 0001:0002F6CC       crc32
 0002:0000B1C0       crc_table
 0002:00001FEC       crc_table_computed
 0001:00060FCC       Create8bitBitmap
 0001:0000E808       CreateAssertException
 0001:0000E990       CreateAVObject
 0001:000064F0       CreateBitmap
 0001:000064F8       CreateBrushIndirect
 0001:00006500       CreateCompatibleBitmap
 0001:00006508       CreateCompatibleDC
 0001:0001A938       CreateComponent
 0001:00006E2C       CreateDialogA
 0001:00058110       CreateDialogFonts
 0001:00006750       CreateDialogParamA
 0001:00006518       CreateDIBitmap
 0001:00006510       CreateDIBSection
 0001:0000AFA0       CreateDir
 0001:000060C0       CreateDirectory
 0001:000060C8       CreateEvent
 0001:00059310       CreateExceptionReport
 0001:000060D0       CreateFile
 0001:000060D8       CreateFileA
 0001:000001FC       CreateFileA
 0001:000060E0       CreateFileMapping
 0001:00006520       CreateFontA
 0001:00006528       CreateFontIndirect
 0001:00006530       CreateFontIndirectA
 0001:00069318       CreateGeneralText
 0001:00006538       CreateHalftonePalette
 0001:000521BC       CreateHTMLByLayout
 0001:00054840       CreateHTMLFile
 0001:00006758       CreateIcon
 0001:0000E734       CreateInOutError
 0001:00059668       CreateLeakReport
 0001:0006A580       CreateLogText
 0001:00006760       CreateMenu
 0001:0002CD7C       CreateMXQuery
 0001:00060BD8       CreateOctreeNode
 0001:00006540       CreatePalette
 0001:00006548       CreatePenIndirect
 0001:00006768       CreatePopupMenu
 0001:000060E8       CreateProcessA
 0001:00006550       CreateRectRgn
 0001:00006558       CreateRectRgnIndirect
 0001:00006560       CreateSolidBrush
 0001:000777A0       CreateSystemPalette
 0001:00052594       CreateTemplateFile
 0001:0000025C       CreateThread
 0001:000060F0       CreateThread
 0001:00059810       CreateThreadStr
 0001:000638F0       CreateTmpLogFile
 0001:0004E4AC       CreateVirtualFile
 0001:00006DD4       CreateWindow
 0001:00006D7C       CreateWindowEx
 0001:0005490C       CreateXMLLogCopy
 0001:00063EDC       CreateZIPFile
 0001:0002D920       CreateZipFile
 0001:00071CE4       Create_EurekaLogUnitsList
 0002:00007544       CreationControl
 0002:000071F8       CreationControl
 0002:000003B0       CRelationshipToBoolean
 0002:0000032C       CResult
 0002:00000D58       CriticalError
 0002:00006E60       CriticalExceptObject
 0002:00000154       cSimpleBoolStrs
 0002:0000035C       CText
 0002:00007640       Ctl3DStyles
 0002:00008620       curAlloc
 0002:000086DC       CurrencyDecimals
 0002:000086D8       CurrencyFormat
 0002:000086D4       CurrencyString
 0002:0000B744       CurrentAsmErrorLine
 0002:0000B74C       CurrentAsmErrorText
 0002:0000B750       CurrentCPUErrorText
 0002:0000B7E0       CurrentDialog
 0001:00070968       CurrentEurekaLogOptions
 0002:0000B748       CurrentGeneralErrorText
 0002:0000B6B8       CurrentOptions
 0002:0000B7F8       CurrentProcessWindowsList
 0002:00006E4C       CurrentStackList
 0001:0000C81C       CurrentYear
 0001:0000C148       CurrToStr
 0001:00011FB4       CurrToWStrViaOS
 0002:00007820       CursorMap
 0002:00007554       Cursors
 0001:00087DC4       CursorToIdent
 0002:00007810       cUseAlpha
 0002:00007818       cUseColorKey
 0002:0000B65C       CustomButtonClickNotify
 0002:0000B650       CustomDataRequest
 0002:0000B77C       CustomExceptMessage
 0001:000728A0       CustomHandler
 0002:00006920       CustomSmtpHeloCommand
 0002:0000B658       CustomWebFieldsRequest
 0002:0000B5C4       CV
 0001:0000A304       CvtInt
 0001:0000A370       CvtInt64
 0002:00000194       CWNear
 0001:0000C76C       Date
 0002:000086DD       DateSeparator
 0001:0000D460       DateTimeToStr
 0001:000217B8       DateTimeToStrFixed
 0001:0000D3D4       DateTimeToString
 0001:0000C2D8       DateTimeToTimeStamp
 0001:0000D430       DateToStr
 0001:00011FEC       DateToWStrViaOS
 0001:0000C744       DayOfWeek
 0002:0000B7F4       DbgSection
 0002:00000190       DCon10
 0002:00006F1C       DDBsOnly
 0001:0001E4BC       DeallocateHWnd
 0002:0000002C       DebugHook
 0002:0000B934       DebugHook_Assigned
 0001:000654D0       DebugToStr
 0002:000086DB       DecimalSeparator
 0001:0000C6B4       DecodeDate
 0001:0000C564       DecodeDateFully
 0001:00027190       DecodeNameString
 0001:0000C3CC       DecodeTime
 0001:0000089C       Decommit
 0001:00000FC8       DecommitFree
 0002:000085FC       decommittedRoot
 0001:00035BC8       Decrypt
 0001:000A4350       Default
 0001:000A9A68       Default
 0002:00000024       Default8087CW
 0002:00007548       DefaultDockTreeClass
 0002:00000038       DefaultTextLineBreakStyle
 0002:000085C0       DefaultUserCodePage
 0002:00007170       DefBrushData
 0002:00006EF0       DefFontData
 0001:00006770       DefFrameProc
 0001:00030504       deflate
 0001:000307C8       deflateEnd
 0001:0002FF18       deflateInit_
 0002:00000220       DefLongDayNames
 0002:000001D4       DefLongMonthNames
 0001:00006778       DefMDIChildProc
 0002:00007150       DefPenData
 0002:00000204       DefShortDayNames
 0002:000001A4       DefShortMonthNames
 0001:00006780       DefWindowProc
 0001:00006788       DefWindowProcA
 0001:00005040       DelayLoadResourceModule
 0001:000004B8       DeleteBlock
 0001:000060F8       DeleteCriticalSection
 0001:000003C8       DeleteCriticalSection
 0001:00006568       DeleteDC
 0001:00064048       DeleteExtraFiles
 0001:0000A974       DeleteFile
 0001:00006100       DeleteFile
 0001:00006108       DeleteFileA
 0001:00050B68       DeleteFileEx
 0001:00000DB0       DeleteFree
 0001:00006790       DeleteMenu
 0001:00006570       DeleteObject
 0001:00060AE4       DeleteTree
 0001:0004E618       DeleteVirtualFile
 0002:00006ED0       DeniedChars
 0001:00078868       DeselectBitmap
 0001:00006798       DestroyCursor
 0001:00058358       DestroyDialogFonts
 0001:000067A0       DestroyIcon
 0001:000815C4       DestroyLocals
 0001:000067A8       DestroyMenu
 0001:000067B0       DestroyWindow
 0002:0000BC1C       DetailsActive
 0001:0005A104       DetailsState
 0001:000067B8       DialogBoxParamA
 0001:0008549C       DialogEnumerationTester
 0002:0000BC28       DialogHeight
 0001:0007EBD4       Dialogs
 0002:0000B944       DialogType
 0002:000071AC       DIBPalSizes
 0002:00000094       dig
 0002:00000D5C       Digits
 0001:00052570       DirectoryExists
 0001:00008D08       DisableMemoryLeaksCheck
 0001:000A1760       DisableTaskWindows
 0001:000067C0       DispatchMessage
 0001:000A79B0       DispatchShortCut
 0002:00008000       DispCallByIDProc
 0001:00009F20       DivMod
 0001:0007E59C       Dlgs
 0001:00057DC8       DlgTemplate
 0002:00008918       DllList
 0001:000A8CE0       DoAlign
 0001:0008D9E8       DoAlign
 0001:00091A9C       DoCalcConstraints
 0002:0000C784       DockSiteList
 0001:0009E178       DoClick
 0001:0008F12C       DoControlMsg
 0001:000A1710       DoDisableWindow
 0001:00088B04       DoDragOver
 0001:00009F98       DoExitProc
 0001:000939A4       DoFindControlZone
 0001:000A1864       DoFindWindow
 0001:00093F30       DoFindZone
 0001:00093A28       DoForEach
 0001:00095334       DoGetNextLimit
 0001:0002561C       Done
 0001:00008EF4       Done
 0001:00073DDC       Done
 0001:0002B95C       Done
 0001:0002D1DC       Done
 0001:000A16D8       DoneApplication
 0001:000719B4       DoneCheckFreeze
 0001:00096094       DoneControls
 0002:0000B70C       DoneExcept
 0001:00072ADC       DoneExceptAddr
 0001:0000ECC4       DoneExceptions
 0001:0003757C       DoneLib
 0001:00008A94       DoneShareMem
 0001:000A5D2C       DoNestedActivation
 0001:0001CB64       DoneThreadSynchronization
 0001:000AAD84       DoOnHelp
 0001:000A8B30       DoPosition
 0001:0008D5A8       DoPosition
 0001:0009495C       DoPrune
 0001:00094E34       DoSaveZone
 0001:00095038       DoSetNewBounds
 0001:00021AFC       DotNetHostedFile
 0001:00065FE0       DotNetHostedFileHandle
 0001:00065F94       DotNetMainFile
 0002:00006E70       DotNetMetadataFile
 0002:00006E90       Dots
 0002:000003CC       DotSep
 0001:00017B34       DoWrite
 0001:00098A88       DoWrite
 0001:0007842C       DoWrite
 0001:0008E714       DoWriteDesignSize
 0001:0008C180       DoWriteIsControl
 0002:0000C768       DragCapture
 0002:0000C75C       DragControl
 0001:0008924C       DragDone
 0001:00088AB4       DragFindTarget
 0001:00088A88       DragFindWindow
 0002:0000C780       DragImageList
 0001:00088EA4       DragInit
 0001:00089014       DragInitControl
 0002:0000C764       DragInternalObject
 0001:000889D0       DragMessage
 0002:0000C760       DragObject
 0002:0000C78C       DragSave
 0002:0000C774       DragSaveCursor
 0002:0000C76C       DragStartPos
 0002:0000C778       DragThreshold
 0001:00088BD4       DragTo
 0001:000A9AA4       DrawAppIcon
 0001:000428E8       DrawBmp
 0001:00043494       DrawBottom
 0001:0005EFF0       DrawButton
 0001:0005EE84       DrawClickHere
 0001:000944C8       DrawCloseButton
 0001:0005EDFC       DrawControl
 0001:000067C8       DrawEdge
 0001:000067D0       DrawFocusRect
 0001:00043420       DrawFrame
 0001:000067D8       DrawFrameControl
 0001:00094520       DrawGrabberLine
 0001:000067E0       DrawIcon
 0001:000067E8       DrawIconEx
 0002:0000767C       DrawingStyles
 0001:0004353C       DrawItem
 0001:000434E8       DrawLine
 0001:000067F0       DrawMenuBar
 0001:0009F4E8       DrawMenuItem
 0001:0005CFD8       DrawSupportLink
 0001:000067F8       DrawText
 0001:00006800       DrawTextA
 0002:0000C5B4       DrawThemeBackground
 0002:0000C5D8       DrawThemeEdge
 0002:0000C5DC       DrawThemeIcon
 0002:0000C660       DrawThemeParentBackground
 0002:0000C5B8       DrawThemeText
 0001:00077264       DupBits
 0002:0000B794       DuplicatedException
 0001:00006110       DuplicateHandle
 0001:00004DE0       DynArrayClear
 0001:00004DE8       DynArraySetLength
 0001:000360A4       EBase64
 0001:00020F9C       EConsts
 0001:00025674       ECore
 0001:00029E8C       EDebug
 0002:00007768       EdgeStyle
 0002:00007630       EdgeStyles
 0001:0004AF04       EDisAsm
 0001:00035CC8       EEncrypt
 0001:00035968       EHash
 0001:0000E708       EHeapException.FreeInstance
 0001:0002BA70       EHook
 0001:0003EB04       ElaborateString
 0001:00037DB8       ElaborateURL
 0001:00037F20       ElaborateWebPage
 0001:0002BB80       ELang
 0001:00008FB4       ELeaks
 0001:00043B04       EListView
 0001:00042810       ELogManager
 0001:00006808       EmptyClipboard
 0002:00008854       EmptyParam
 0002:000000D8       EmptyStr
 0002:000000DC       EmptyWideStr
 0002:00000458       EMsgs
 0001:00008B7C       EnableMemoryLeaksCheck
 0001:00006810       EnableMenuItem
 0002:00007700       Enables
 0001:00006818       EnableScrollBar
 0001:000A1814       EnableTaskWindows
 0002:0000C648       EnableThemeDialogTexture
 0002:0000C664       EnableTheming
 0001:00006820       EnableWindow
 0001:000609D4       Encode
 0001:0000C534       EncodeDate
 0002:000055F4       EncodedChars
 0001:0000C38C       EncodeTime
 0001:00063A54       EncodeURL
 0001:00006828       EndDialog
 0001:00016CCC       EndGlobalLoading
 0001:00006830       EndPaint
 0001:00003B94       EndThread
 0001:000003B8       EnterCriticalSection
 0001:00006118       EnterCriticalSection
 0001:00006120       EnumCalendarInfoA
 0002:0000C548       EnumDisplayMonitors
 0001:0000DF60       EnumEraNames
 0001:0000DF9C       EnumEraYearOffsets
 0001:000A4914       EnumMonitorsProc
 0001:00006128       EnumSystemLocalesA
 0001:00006838       EnumThreadWindows
 0001:0001A0E8       EnumValue
 0001:00006840       EnumWindows
 0001:0004FD94       EnumWindowsProc
 0001:0004FEA8       EnumWindowsProc
 0001:0004FC38       EnumWindowsProc
 0001:0004FCDC       EnumWindowsProc
 0001:000266B4       Eof
 0002:00005614       EOFLine
 0001:00006848       EqualRect
 0002:000087A4       EraNames
 0001:0000D6EC       EraToYear
 0002:000087C0       EraYearOffsets
 0002:0000006C       errCaption
 0001:000618FC       Error
 0001:0000895C       Error
 0001:00016254       Error
 0001:000198CC       Error
 0001:0009A178       Error
 0001:00001C58       Error
 0002:00000004       ErrorAddr
 0001:00001C0C       ErrorAt
 0001:0000E7B4       ErrorHandler
 0002:0000023C       ErrorMap
 0002:00008008       ErrorProc
 0002:000083E8       ErrOutput
 0002:00000C30       EShowOptions
 0001:0002D23C       ESockets
 0001:0001E658       ETypes
 0002:00000450       EurekaLogCurrentVersion
 0002:0000B7B0       EurekaLogList
 0001:000621E0       EurekaLogSendEmail
 0002:00006924       EurekaLogUnits
 0002:0000B7D4       EurekaLogUnitsList
 0001:00055C6C       EurekaLog_AttachedFilesRequestEvent
 0001:0006FA64       EurekaLog_CallCreateThread
 0001:0006F1E4       EurekaLog_CallExceptObject
 0001:0006FBA8       EurekaLog_CallExitThread
 0001:0006F060       EurekaLog_CallGeneralRaise
 0001:0006FB04       EurekaLog_CallResumeThread
 0001:00055DB4       EurekaLog_CustomButtonClickEvent
 0001:00055BC8       EurekaLog_CustomDataRequestEventEx
 0001:00055D10       EurekaLog_CustomWebFieldsRequestEvent
 0001:00055A80       EurekaLog_ExceptionActionNotifyEvent
 0001:00055B24       EurekaLog_ExceptionErrorNotifyEvent
 0001:00055938       EurekaLog_ExceptionNotifyEvent
 0001:000559DC       EurekaLog_HandledExceptionNotifyEvent
 0001:0006FA5C       EurekaLog_LastDelphiException
 0001:00055824       EurekaLog_PasswordRequestEvent
 0001:00055868       EurekaLog_PasswordRequestEventEx
 0002:000009B8       EVals
 0002:00000CF0       EVariablesOptions
 0001:0003DE54       EWebTools
 0001:0002A410       EWinSock
 0001:00001B80       ExceptAddr
 0002:0000800C       ExceptClsProc
 0001:0000EC30       ExceptHandler
 0001:0000E57C       Exception.Create
 0001:0000E5B8       Exception.CreateFmt
 0001:0000E638       Exception.CreateRes
 0001:0000E674       Exception.CreateResFmt
 0002:0000B644       ExceptionActionNotify
 0002:0000801C       ExceptionClass
 0002:0000B68C       ExceptionCriticalSection
 0001:0000E2F8       ExceptionErrorMessage
 0002:0000B648       ExceptionErrorNotify
 0001:0004EF2C       ExceptionLine
 0001:00074254       ExceptionLog
 0001:00070C98       ExceptionManager
 0002:0000B63C       ExceptionNotify
 0002:0000B6C4       ExceptionNumber
 0002:0000B7E8       ExceptionsTime
 0002:0000B7EC       ExceptionTime
 0001:00052AFC       ExceptionTypeByAddr
 0002:00000274       ExceptMap
 0001:0006E6BC       ExceptNotify
 0001:000652F8       ExceptNotifyAfter1
 0001:000653F4       ExceptNotifyAfter2
 0001:00065408       ExceptNotifyAfter3
 0001:00001B60       ExceptObject
 0002:00008010       ExceptObjProc
 0002:00008004       ExceptProc
 0001:00006578       ExcludeClipRect
 0001:0002285C       ExcludeLastBackslash
 0002:00000000       ExitCode
 0001:00003944       ExitDll
 0002:00008048       ExitProc
 0001:0000026C       ExitProcess
 0002:00008028       ExitProcessProc
 0002:00000150       ExitProcList
 0001:00006130       ExitThread
 0001:00000264       ExitThread
 0001:0003E3FC       EXMLBuilder
 0001:00021A10       ExpandEnvVars
 0001:0000ABF0       ExpandFileName
 0001:00056438       ExportedFunctions
 0001:000818F0       ExtActns
 0001:0007F238       ExtCtrls
 0001:0008175C       ExtDlgs
 0001:00053DCC       ExtractDebugData
 0001:0000AADC       ExtractFileDrive
 0001:0000ABA8       ExtractFileExt
 0001:0000AB70       ExtractFileName
 0001:00006FC8       ExtractFileName
 0001:0000AAA8       ExtractFilePath
 0001:0000AC2C       ExtractFilePathNoDrive
 0001:00071184       ExtractGZipStream
 0001:000214B4       ExtractList
 0001:0000ACC0       ExtractRelativePath
 0001:000538F4       ExtractStr
 0001:00022444       ExtractStringsEx
 0001:00059128       ExtractThreadByList
 0001:00040174       ExtractValue
 0001:000361F8       EZip
 0001:00034E64       EZlib2
 0002:0000B9E0       fActive
 0002:00006E84       fActivePage
 0002:000087E0       FalseBoolStrs
 0002:0000B9FC       fBigFont
 0002:0000C820       FCalculadora
 0002:0000B9E4       fCaptionFont
 0002:0000C6B4       FClipboard
 0002:00000184       FCon1E18
 0002:0000B9D8       fDlgBack
 0001:00068A18       FetchStr
 0002:0000B9EC       fFixedFont1
 0002:0000B9F0       fFixedFont2
 0001:0000A800       FileAge
 0001:0000A7F8       FileClose
 0001:0000A73C       FileCreate
 0001:0000A760       FileCreate
 0001:0000AF10       FileDateToDateTime
 0001:0000A868       FileExists
 0002:000071A4       FileFormats
 0002:0000000C       FileMode
 0001:00002134       FileNOPProc
 0001:0000A6E4       FileOpen
 0001:0000A768       FileRead
 0002:000003F8       FilerSignature
 0001:0000A7C0       FileSeek
 0001:00006138       FileTimeToDosDateTime
 0001:00006140       FileTimeToLocalFileTime
 0001:0000A794       FileWrite
 0001:00000EE8       FillAfterGap
 0001:00054A98       FillAttachedList
 0001:00000E88       FillBeforeGap
 0001:00000F88       FillerSizeAfterGap
 0001:00000F10       FillerSizeBeforeGap
 0001:00006850       FillRect
 0001:00051024       FillThreadsCount
 0001:00010674       Finalization
 0001:00010474       Finalization
 0001:0008177C       Finalization
 0001:00005EDC       Finalization
 0001:00005F54       Finalization
 0001:00005CAC       Finalization
 0001:00029DF0       Finalization
 0001:00029E9C       Finalization
 0001:00025620       Finalization
 0001:000AC184       Finalization
 0001:000AC074       Finalization
 0001:0002A3E0       Finalization
 0001:000ABF68       Finalization
 0001:00010E68       Finalization
 0001:000962E8       Finalization
 0001:0002BA1C       Finalization
 0001:0002BB50       Finalization
 0001:00097618       Finalization
 0001:0002D1E4       Finalization
 0001:00020F18       Finalization
 0001:00008F7C       Finalization
 0001:000092C8       Finalization
 0001:000ABE60       Finalization
 0001:0001E628       Finalization
 0001:000ABE28       Finalization
 0001:0001E4E4       Finalization
 0001:00034E34       Finalization
 0001:00035938       Finalization
 0001:000ABD88       Finalization
 0001:00035C98       Finalization
 0001:00074098       Finalization
 0001:00036074       Finalization
 0001:000AC290       Finalization
 0001:000361C8       Finalization
 0001:0007452C       Finalization
 0001:000991D8       Finalization
 0001:0007B764       Finalization
 0001:0007B944       Finalization
 0001:0007BBFC       Finalization
 0001:0007BCF8       Finalization
 0001:0007C478       Finalization
 0001:0007C4B8       Finalization
 0001:0003DE04       Finalization
 0001:0007D4A0       Finalization
 0001:0007D4E8       Finalization
 0001:000137C8       Finalization
 0001:0003E3CC       Finalization
 0001:0007D520       Finalization
 0001:000139E4       Finalization
 0001:0007D844       Finalization
 0001:0007D9F0       Finalization
 0001:000427D4       Finalization
 0001:000AC3BC       Finalization
 0001:00085714       Finalization
 0001:0007E374       Finalization
 0001:0007E3E4       Finalization
 0001:0007E41C       Finalization
 0001:0007E454       Finalization
 0001:0007E48C       Finalization
 0001:0007E4C4       Finalization
 0001:00084A90       Finalization
 0001:00084928       Finalization
 0001:000AC518       Finalization
 0001:0007E4FC       Finalization
 0001:0007E534       Finalization
 0001:00043AD4       Finalization
 0001:00006F3C       Finalization
 0001:0007E56C       Finalization
 0001:000144F0       Finalization
 0001:00014548       Finalization
 0001:0007EB78       Finalization
 0001:0007F1F0       Finalization
 0001:0004AE68       Finalization
 0001:0007F268       Finalization
 0001:0008258C       Finalization
 0001:0009F7C8       Finalization
 0001:0007F2A0       Finalization
 0001:0007F334       Finalization
 0001:00081A30       Finalization
 0001:000816CC       Finalization
 0001:000818F8       Finalization
 0001:0008172C       Finalization
 0001:000818A0       Finalization
 0001:000ACF14       Finalization
 0001:000ACF4C       Finalization
 0001:00081848       Finalization
 0001:000817E4       Finalization
 0002:00008684       FinalizationProc
 0001:00004DD8       FinalizeArray
 0001:00003758       FinalizeUnits
 0001:0009DF38       Find
 0001:000050D0       FindBS
 0001:00016770       FindClass
 0001:00005038       FindClassHInstance
 0001:0000027C       FindClose
 0001:0000A958       FindClose
 0001:00006148       FindClose
 0001:00000E44       FindCommitted
 0001:00087BA4       FindControl
 0001:0009415C       FindControlAtPos
 0001:00013620       FindCustomVariantType
 0001:000136D8       FindCustomVariantType
 0001:00089570       FindDragTarget
 0001:00063870       FindEOFLine
 0001:00037990       FindErrorMessage
 0001:00069268       FindException
 0001:0001AAE8       FindExistingComponent
 0001:0000A8E4       FindFirst
 0001:00006150       FindFirstFile
 0001:00000284       FindFirstFile
 0001:00006158       FindFirstFileA
 0001:000512CC       FindFullPath
 0001:00053D04       FindFunction
 0001:00016B5C       FindGlobalComponent
 0001:000A1970       FindGlobalComponent
 0002:000088B8       FindGlobalComponentProcs
 0001:0004BA90       FindHandled
 0001:00005010       FindHInstance
 0001:00016A04       FindIdentToInt
 0001:00007BB0       FindLeakAddress
 0001:00007E14       FindLeakClassName
 0001:00007AE0       FindLeakSons
 0001:000733EC       FindMainInstance
 0001:0000A878       FindMatchingFile
 0001:0005031C       FindModuleType
 0002:0000C6A0       FindMsg
 0001:00019C78       FindNestedComponent
 0001:0000A934       FindNext
 0001:00006160       FindNextFile
 0001:00007A2C       FindNextValidLeak
 0001:0002682C       FindParam
 0001:0009A140       FindPopupControl
 0001:00029FFC       FindProc
 0001:00010B30       FindProc
 0001:00050F70       FindProcess
 0001:00006168       FindResource
 0001:00006170       FindResourceA
 0001:00005088       FindResourceHInstance
 0001:000AB5B8       FindScanline
 0001:000370EC       FindSelected
 0001:000A18C8       FindTopMostWindow
 0001:0001B9CC       FindUniqueName
 0001:0008953C       FindVCLWindow
 0001:00006858       FindWindow
 0001:000854F4       FindWinHelp
 0001:0004BA48       FirstProc
 0002:0000BA08       FixedFontName1
 0002:0000BA0C       FixedFontName2
 0002:0000BA00       FixedFontSize
 0002:0000BC44       FixedTmpOptionsFile
 0001:00078C60       FixupBitFields
 0002:00007778       Flags
 0002:000087F0       FLanguages
 0001:0007D874       FlatSB
 0002:0000C574       FlatSB_EnableScrollBar
 0002:0000C580       FlatSB_GetScrollInfo
 0002:0000C584       FlatSB_GetScrollPos
 0002:0000C57C       FlatSB_GetScrollRange
 0002:0000C58C       FlatSB_SetScrollInfo
 0002:0000C588       FlatSB_SetScrollPos
 0001:0007D564       FlatSB_SetScrollProp
 0002:0000C590       FlatSB_SetScrollRange
 0002:0000C578       FlatSB_ShowScrollBar
 0002:0000B9F4       fLinkFont
 0002:0000B9F8       fLinkFont2
 0002:0000BB84       fListViewItems
 0002:00005FF8       FloatingPointOpcodes
 0001:0000BDD8       FloatToDecimal
 0001:0000C118       FloatToStr
 0001:0000B810       FloatToText
 0001:0000BAE4       FloatToTextFmt
 0001:00002398       Flush
 0001:00006178       FlushInstructionCache
 0002:0000B9DC       fMemoBack
 0002:0000BB64       fMonitor
 0002:0000BB6C       fMonitorInfo
 0002:00000198       FMSecsPerDay
 0001:0000B704       FmtStr
 0002:00007794       FocusCount
 0002:00007790       FocusMessages
 0002:000070C0       FontCharsets
 0002:0000C50C       FontManager
 0001:00070BE4       ForceApplicationTermination
 0001:0002290C       ForceDirectoriesEx
 0001:000A1944       ForegroundTask
 0001:0000B6F0       Format
 0002:000001A0       Format
 0001:0000B2E0       FormatBuf
 0001:0000B2D4       FormatClearStr
 0001:00068E88       FormatComplete
 0001:0000D474       FormatDateTime
 0001:0000B258       FormatError
 0002:0000017C       FormatErrorStrs
 0001:0000C178       FormatFloat
 0001:00006180       FormatMessage
 0001:000297AC       FormatProcName
 0001:0000B2B0       FormatVarToStr
 0001:000ABDE4       Forms
 0001:00002810       FPower10
 0002:000071F4       FPrinter
 0001:00006860       FrameRect
 0001:000081BC       FreeAllLeaks
 0001:00010054       FreeAndNil
 0001:0004DEA0       FreeClonedObject
 0001:00000B44       FreeCommitted
 0001:0000117C       FreeCurAlloc
 0001:00089630       FreeDeviceContext
 0001:000896EC       FreeDeviceContexts
 0001:0001E2B0       FreeIntConstList
 0001:00006188       FreeLibrary
 0001:0000028C       FreeLibrary
 0001:000787BC       FreeMemoryContexts
 0001:0001E3E4       FreeObjectInstance
 0001:0004EBD8       FreeOutOfMemoryCache
 0001:000061A8       FreeResource
 0001:000618C0       FreeScreenshot
 0001:00000714       FreeSpace
 0001:0000FB54       FreeTerminateProcs
 0001:0007DA28       FreeThemeLibrary
 0002:0000B758       FreezeThread
 0002:0000C714       FRichEditModule
 0002:0000BB68       fSendBmp
 0002:0000B618       FtpOpenFile
 0001:0003D834       FTPUploadFiles
 0002:0000B9E8       fVariableFont
 0001:00077254       GDICheck
 0001:000771AC       GDIError
 0001:0005C814       GeneralDialogProc
 0001:0006EE40       GeneralRaise
 0001:0004C5D0       GeneralToRTF
 0001:00064A04       GenerateCustomWebFieldsString
 0001:0005244C       GenerateHTML
 0001:0003CC78       GenerateMultipartBoundary
 0001:00038748       GenerateMultipartBoundary
 0001:0003CDB4       GenerateRequestBody
 0001:00038818       GenerateRequestBody
 0001:00002040       Get8087CW
 0001:000061B0       GetACP
 0001:00066824       GetActiveControlClass
 0001:0006683C       GetActiveControlText
 0001:00066744       GetActiveFormClass
 0001:00066790       GetActiveFormText
 0001:00059880       GetActiveMonitorData
 0001:00006868       GetActiveWindow
 0001:00067530       GetAdapterInfo
 0001:00050FF0       GetAllocatedMemory
 0001:00053CE4       GetAndSetFunctionSize
 0001:000A91BC       GetAnimation
 0001:00067098       GetApplicationName
 0001:0004FE0C       GetApplicationRect
 0001:00066724       GetApplicationUpTime
 0001:0002AB84       GetAsmSize
 0001:00057BC4       GetBaseOfStack
 0001:0007F9C0       GetBitBtnGlyph
 0001:00006580       GetBitmapBits
 0001:000003D0       GetBlockDesc
 0001:0005EF68       GetBottonWidth
 0001:00006588       GetBrushOrgEx
 0001:00006D3C       GetBValue
 0001:00057AA0       GetCallStackByAddresses
 0001:0004EC18       GetCallStackDump
 0001:00006870       GetCapture
 0001:00087E6C       GetCaptureControl
 0001:0001671C       GetClass
 0001:00006878       GetClassInfo
 0001:00006880       GetClassName
 0001:00006888       GetClassNameA
 0001:00006890       GetClientRect
 0001:00006590       GetClipBox
 0001:0000036C       GetCmdShow
 0001:00097870       GetColor
 0001:00043954       GetColumnAlign
 0001:00043928       GetColumnCount
 0001:000819D0       GetComCtlVersion
 0001:000061C0       GetCommandLine
 0001:00000294       GetCommandLine
 0001:00000958       GetCommitted
 0001:00000A00       GetCommittedAt
 0001:000688C0       GetCompanyName
 0001:000666BC       GetCompilationDate
 0001:0004C0A4       GetCompleteTimeStr
 0001:000061C8       GetComputerNameA
 0001:0008ECE0       GetControlAtPos
 0001:0006E140       GetControlClass
 0001:0006E19C       GetControlText
 0001:0000C8E0       GetCount
 0001:000061B8       GetCPInfo
 0001:00034F10       GetCRC16
 0001:00034EC8       GetCRC32
 0001:0000AF7C       GetCurrentDir
 0001:0000029C       GetCurrentDirectory
 0001:00006598       GetCurrentObject
 0001:000065A0       GetCurrentPositionEx
 0001:00068BB4       GetCurrentPrinterHandle
 0001:000061D0       GetCurrentProcess
 0001:000061D8       GetCurrentProcessId
 0001:00057BCC       GetCurrentStackPointer
 0001:00070C90       GetCurrentStackPointer
 0002:0000C658       GetCurrentThemeName
 0001:000061E0       GetCurrentThread
 0001:000061E8       GetCurrentThreadId
 0001:0000035C       GetCurrentThreadId
 0001:00006CB0       GetCurrentTime
 0001:0004DEC0       GetCurrentTopOfStack
 0001:000686E8       GetCurrentUserPrivileges
 0001:00006898       GetCursor
 0001:000AB5C8       GetCursorHeightMargin
 0001:000068A0       GetCursorPos
 0001:00007904       GetDataCaller
 0001:0000C910       GetDate
 0001:000061F0       GetDateFormat
 0001:0000D604       GetDateOrder
 0001:000068A8       GetDC
 0001:000068B0       GetDCEx
 0001:000065A8       GetDCOrgEx
 0001:00057320       GetDebugDetail
 0001:00065570       GetDebugInfoEx
 0001:000540C4       GetDebugInfosByAddr
 0001:00053AD0       GetDebugPartialInfo
 0001:00068ACC       GetDefaultPrinter
 0001:0007B36C       GetDefFontCharSet
 0001:000068B8       GetDesktopWindow
 0001:000065C0       GetDeviceCaps
 0001:0005CC24       GetDialogState
 0001:000781BC       GetDIB
 0001:000065B0       GetDIBColorTable
 0001:000065B8       GetDIBits
 0001:00078104       GetDIBSizes
 0001:000773C4       GetDInColors
 0001:000061F8       GetDiskFreeSpaceA
 0002:0000014C       GetDiskFreeSpaceEx
 0001:00066E48       GetDiskInfo
 0001:000685F4       GetDisplayDPI
 0001:0006734C       GetDisplayMode
 0001:000068C0       GetDlgItem
 0001:0002C96C       GetDNSList
 0001:00095414       GetDockAlign
 0001:00088814       GetDockSiteAtPos
 0001:0002CB38       GetDomain
 0001:0002CCA4       GetDomainName
 0001:00088B40       GetDropCtl
 0001:0006A210       GetDump
 0001:00002E98       GetDynaMethod
 0001:00069F10       GetEAX
 0001:00069F70       GetEBX
 0001:00069FD0       GetECX
 0001:0006A0F0       GetEDI
 0001:00058B9C       GetEditText
 0001:0006A030       GetEDX
 0001:00056084       GetEF
 0001:0004985C       GetEffectiveAddress
 0001:0006A1B0       GetEIP
 0001:0006A48C       GetEmptySection
 0001:00013A54       GetEnumName
 0001:00013B2C       GetEnumNameValue
 0001:00013B78       GetEnumValue
 0001:00006200       GetEnvironmentVariableA
 0001:000218D4       GetEnvVariable
 0001:0000E014       GetEraNamesAndYearOffsets
 0001:0000D698       GetEraYearOffset
 0001:0006A090       GetESI
 0001:0004EC08       GetESP
 0001:0006A150       GetESP
 0001:00021C6C       GetEurekaLogDir
 0001:00056948       GetEurekaLogModuleVersion
 0001:00066A38       GetExceptionAddress
 0001:0000E978       GetExceptionClass
 0001:00066A20       GetExceptionDate
 0001:00066484       GetExceptionMessage
 0001:00066A6C       GetExceptionModuleName
 0001:00066B50       GetExceptionModuleVersion
 0001:0000EB64       GetExceptionObject
 0001:00066BD4       GetExceptionType
 0001:00057CD8       GetExceptMessage
 0001:00006208       GetExitCodeProcess
 0001:00006210       GetExitCodeThread
 0001:000166A4       GetFieldClassTable
 0001:0003698C       GetFieldValue
 0001:00006218       GetFileAttributes
 0001:00006220       GetFileAttributesA
 0001:0003CD48       GetFileContents
 0001:00037924       GetFileContents
 0001:00050B34       GetFileSize
 0001:0000020C       GetFileSize
 0001:0003D7F8       GetFileSize
 0001:0002D978       GetFileSize
 0001:00000204       GetFileType
 0001:0000EDD4       GetFileVersion
 0001:00067A98       GetFileVersionEx
 0001:000064B0       GetFileVersionInfo
 0001:000064B8       GetFileVersionInfoA
 0001:000064C0       GetFileVersionInfoSize
 0001:000064C8       GetFileVersionInfoSizeA
 0001:000068C8       GetFocus
 0001:00021B24       GetFolder
 0001:00075D40       GetFontData
 0001:000068D0       GetForegroundWindow
 0001:0000F6FC       GetFormatSettings
 0001:000073B0       GetFramesCallStackDump
 0001:00066F40       GetFreeDisk
 0001:00066DC8       GetFreeMemory
 0001:00006228       GetFullPathName
 0001:00065860       GetFunctionAsm
 0001:0002ACD8       GetFunctionSize
 0001:00022678       GetGMT
 0001:00006D38       GetGValue
 0001:00006230       GetHandleInformation
 0001:00075288       GetHashCode
 0001:000A6708       GetHelpInfo
 0001:0007C938       GetHelpSystem
 0001:000A8FA0       GetHint
 0001:000A8FD8       GetHintControl
 0001:0002A2BC       gethostbyname
 0001:0002A2F8       gethostname
 0001:0009F668       GetHotkey
 0001:0003D084       GetHTTPResponse
 0001:00038030       GetHTTPResponse
 0001:000068D8       GetIconInfo
 0001:00029AE4       GetImageNtHeaders
 0001:00067C8C       GetIndexKeyName
 0001:00068A6C       GetIniDefPrinter
 0001:0006EB14       GetIntraWebExceptionType
 0001:000428C0       GetItemRect
 0001:0005BB2C       GetItemText
 0001:000068F0       GetKeyboardLayout
 0001:000068F8       GetKeyboardLayoutList
 0001:00006900       GetKeyboardState
 0001:00002AFC       GetKeyboardType
 0001:000068E0       GetKeyNameText
 0001:000068E8       GetKeyState
 0001:000669D4       GetLanguageString
 0001:00006908       GetLastActivePopup
 0001:000936DC       GetLastChildZone
 0001:000002A4       GetLastError
 0001:00006238       GetLastError
 0001:00007B50       GetLeakCount
 0001:00037300       GetListDefault
 0001:00036F78       GetListValue
 0001:0000DDD8       GetLocaleChar
 0001:000668A8       GetLocaleDataA
 0001:00066868       GetLocaleDataW
 0001:00006248       GetLocaleInfo
 0001:000002AC       GetLocaleInfo
 0001:00006250       GetLocaleInfoA
 0001:00006258       GetLocaleInfoW
 0001:0000DD8C       GetLocaleStr
 0001:00006240       GetLocalTime
 0001:00087E28       GetLongHint
 0001:0002205C       GetLongNameFromShort
 0001:00013E24       GetLongStrProp
 0001:0004FC70       GetMainWindow
 0001:000065C8       GetMapMode
 0001:00035830       GetMD5
 0001:00066C7C       GetMemInfo
 0001:00001B28       GetMemoryManager
 0001:00006910       GetMenu
 0001:000A6690       GetMenuHelpContext
 0001:00006918       GetMenuItemCount
 0001:00006920       GetMenuItemID
 0001:00006928       GetMenuItemInfo
 0001:0009C784       GetMenuSize
 0001:00006930       GetMenuState
 0001:00006938       GetMenuString
 0001:000143C8       GetMethodProp
 0001:0002D81C       GetModifiedDate
 0001:00021FB8       GetModifiedDate
 0001:000506EC       GetModuleDescriptionAndVersion
 0001:000002B4       GetModuleFileName
 0001:00006260       GetModuleFileName
 0001:00006268       GetModuleFileNameA
 0001:00005DD4       GetModuleHandle
 0001:00006270       GetModuleHandle
 0001:000002BC       GetModuleHandle
 0001:00006278       GetModuleHandleA
 0001:000504E0       GetModulePath
 0001:000505BC       GetModuleSize
 0001:00050ED8       GetModulesList
 0001:00050D48       GetModulesWin9X
 0001:00050BE4       GetModulesWinNT
 0001:0005064C       GetModuleVer
 0001:00054C00       GetModule_ProcedureEvent
 0002:0000C53C       GetMonitorInfo
 0002:0000C540       GetMonitorInfoA
 0002:0000C544       GetMonitorInfoW
 0001:00059AE0       GetMonitorWorkAreaFromActiveWnd
 0001:00059ABC       GetMonitorWorkAreaFromWnd
 0001:000599D4       GetMonitorWorkAreaFromWndEx
 0001:0000DE3C       GetMonthDayNames
 0001:0002CED0       GetMXBestRecord
 0001:0002CE08       GetMXRecord
 0001:0002CFC0       GetMXServerFromEmail
 0001:000678FC       GetNetworkData
 0001:00006940       GetNextWindow
 0001:000065D0       GetObject
 0001:00007918       GetObjectCaller
 0001:00060F5C       GetOptimizedPalette
 0001:000371DC       GetOptionsDefault
 0001:0000890C       GetOptionsFromExeFile
 0001:00036D78       GetOptionsValue
 0001:00013C4C       GetOrdProp
 0001:0004D8E4       GetOSBuild
 0001:00066A08       GetOSCharset
 0001:000669FC       GetOSLanguage
 0001:0004D4BC       GetOSType
 0001:00066854       GetOSUpdate
 0001:0004EBBC       GetOutOfMemoryCache
 0001:00060B20       GetPaletteColors
 0001:000065D8       GetPaletteEntries
 0001:0006662C       GetParameters
 0001:00001E18       GetParamStr
 0001:00006948       GetParent
 0001:000A1B3C       GetParentForm
 0001:000519A8       GetParentProcessID
 0001:00058BF8       GetParentWnd
 0001:00056C9C       GetPassword
 0001:000065E0       GetPixel
 0001:00068C2C       GetPrinterStr
 0001:00006280       GetPriorityClass
 0001:00006288       GetPrivateProfileStringA
 0001:000002C4       GetProcAddress
 0001:00006290       GetProcAddress
 0001:000517DC       GetProcessesList
 0001:00067168       GetProcessor
 0001:00050AA4       GetProcessThreads
 0001:00006298       GetProfileStringA
 0001:00006950       GetProp
 0001:00013BDC       GetPropInfo
 0001:00007428       GetRawCallStackDump
 0001:00008858       GetRawOptions
 0001:00007050       GetReadableSize
 0001:00021ED0       GetReadableSize
 0001:000543A8       GetRealFileName
 0001:000A1FFC       GetRealScrollPosition
 0001:00049220       GetRefAddress
 0001:00049364       GetRegName
 0001:00052C0C       GetResourceData
 0001:00008810       GetResourceData
 0001:00097850       GetRGBColor
 0001:00006D34       GetRValue
 0001:00006958       GetScrollInfo
 0001:00006960       GetScrollPos
 0001:00006968       GetScrollRange
 0001:00087DE4       GetShortHint
 0001:00013D1C       GetShortStrProp
 0001:00013DB4       GetShortStrPropAsLongStr
 0001:00052F88       GetSourceInfoByAddr
 0001:00000638       GetSpace
 0001:0000069C       GetSpaceAt
 0001:0009A1D0       GetSpecialName
 0001:0006A3FC       GetStack
 0001:00067080       GetStartDate
 0001:000002CC       GetStartupInfo
 0001:000062A0       GetStartupInfoA
 0001:000062A8       GetStdHandle
 0001:00000214       GetStdHandle
 0001:000065E8       GetStockObject
 0001:000062B0       GetStringTypeEx
 0001:00013F54       GetStrProp
 0001:00006970       GetSubMenu
 0001:00053778       GetSymbolAddr
 0001:00006978       GetSysColor
 0001:00006980       GetSysColorBrush
 0001:000062B8       GetSystemDefaultLangID
 0001:000062C0       GetSystemInfo
 0001:00006988       GetSystemMenu
 0002:0000C52C       GetSystemMetrics
 0001:00006990       GetSystemMetrics
 0001:000065F0       GetSystemPaletteEntries
 0001:000062C8       GetSystemTime
 0001:00067310       GetSystemUpTime
 0001:0003672C       GetTagValue
 0001:000062D0       GetTempPathA
 0001:00036B6C       GetTextAreaValue
 0001:000065F8       GetTextExtentPoint32
 0001:00006600       GetTextExtentPoint32A
 0001:00058934       GetTextHeight
 0001:00006608       GetTextMetrics
 0001:00058B18       GetTextWidth
 0002:0000C650       GetThemeAppProperties
 0002:0000C5BC       GetThemeBackgroundContentRect
 0002:0000C5C0       GetThemeBackgroundExtent
 0002:0000C5D0       GetThemeBackgroundRegion
 0002:0000C5F4       GetThemeBool
 0002:0000C5E8       GetThemeColor
 0002:0000C65C       GetThemeDocumentationProperty
 0002:0000C5FC       GetThemeEnumValue
 0002:0000C61C       GetThemeFilename
 0002:0000C604       GetThemeFont
 0002:0000C5F8       GetThemeInt
 0002:0000C610       GetThemeIntList
 0002:0000C60C       GetThemeMargins
 0002:0000C5EC       GetThemeMetric
 0002:0000C5C4       GetThemePartSize
 0002:0000C600       GetThemePosition
 0002:0000C614       GetThemePropertyOrigin
 0002:0000C608       GetThemeRect
 0002:0000C5F0       GetThemeString
 0002:0000C628       GetThemeSysBool
 0002:0000C620       GetThemeSysColor
 0002:0000C624       GetThemeSysColorBrush
 0002:0000C630       GetThemeSysFont
 0002:0000C638       GetThemeSysInt
 0002:0000C62C       GetThemeSysSize
 0002:0000C634       GetThemeSysString
 0002:0000C5C8       GetThemeTextExtent
 0002:0000C5CC       GetThemeTextMetrics
 0001:000062D8       GetThreadContext
 0001:000591C0       GetThreadData
 0001:000062E0       GetThreadLocale
 0001:000002D4       GetThreadLocale
 0001:0006EA9C       GetThreadParams
 0001:000062E8       GetThreadPriority
 0001:000062F0       GetTickCount
 0001:0000C948       GetTime
 0001:00005E00       GetTlsSize
 0001:00006058       GetTokenInformation
 0001:000A9780       GetTopMostWindows
 0001:0004EC10       GetTopOfStack
 0001:00087F74       GetTopParent
 0001:00006998       GetTopWindow
 0001:00066FE0       GetTotalDisk
 0001:00066D48       GetTotalMemory
 0001:00013A48       GetTypeData
 0001:00021BE4       GetUserApplicationsPath
 0001:000688AC       GetUserEmail
 0001:00006060       GetUserNameA
 0001:000716E0       GetValidMainWindow
 0001:0003824C       GetValueFromIndex
 0001:00000364       GetVersion
 0001:000062F8       GetVersion
 0001:00006300       GetVersionEx
 0001:00050AE0       GetVersionNumber
 0001:00067E5C       GetVideoCardStr
 0001:0002A764       GetVirtualMethod
 0001:00013FC0       GetWideStrProp
 0001:00013EA4       GetWideStrPropAsLongStr
 0001:000069A0       GetWindow
 0001:0004FADC       GetWindowClassName
 0001:000069A8       GetWindowDC
 0001:000069B0       GetWindowLong
 0001:0004FC90       GetWindowName
 0001:00006610       GetWindowOrgEx
 0001:000069B8       GetWindowPlacement
 0001:000069C0       GetWindowRect
 0001:00006308       GetWindowsDirectoryA
 0001:000069C8       GetWindowText
 0001:000069D0       GetWindowTextA
 0002:0000C644       GetWindowTheme
 0001:000069D8       GetWindowThreadProcessId
 0001:000069E0       GetWindowThreadProcessId
 0001:00022AC0       GetWorkingFile
 0001:00006310       GlobalAddAtom
 0001:00006318       GlobalAlloc
 0001:00006CCC       GlobalAllocPtr
 0001:00006320       GlobalDeleteAtom
 0001:00006328       GlobalFindAtom
 0002:000088BC       GlobalFixupList
 0001:00019DC0       GlobalFixupReferences
 0001:00006330       GlobalFree
 0001:00006CF8       GlobalFreePtr
 0001:00006340       GlobalHandle
[...]
 16767 0001:00070CCD 16768 0001:00070CE4 16770 0001:00070CE8 16771 0001:00070CFB
 16775 0001:00070D05 16782 0001:00070D41 16784 0001:00070D4C 16785 0001:00070D52
 16787 0001:00070D5A 16789 0001:00070D7C 16791 0001:00070D94 16793 0001:00070DA0
 16797 0001:00070DD3 16799 0001:00070DE8 16825 0001:00070E28 16826 0001:00070E2E
 16827 0001:00070E4B 16828 0001:00070E55 16833 0001:00070E58 16834 0001:00070E5E
 16835 0001:00070E7B 16836 0001:00070E85 16842 0001:00070E88 16843 0001:00070E91
 16846 0001:00070EB7 16847 0001:00070EC1 16848 0001:00070ECF 16850 0001:00070EE6
 16853 0001:00070EF5 16856 0001:00070EFC 16857 0001:00070F02 16859 0001:00070F2E
 16860 0001:00070F38 16865 0001:00070F3C 16866 0001:00070F42 16867 0001:00070F5F
 16868 0001:00070F69 16871 0001:00070F6C 16872 0001:00070F72 16874 0001:00070F89
 16875 0001:00070FA3 16877 0001:00070FB0 16878 0001:00070FBA 16887 0001:00070FC0
 16888 0001:00070FDB 16889 0001:00070FE3 16891 0001:00070FE9 16892 0001:00071002
 16894 0001:00071008 16895 0001:0007101A 16898 0001:00071031 16899 0001:0007104A
 16900 0001:00071050 16902 0001:0007106F 16903 0001:0007107E 16904 0001:00071093
 16905 0001:000710B7 16916 0001:00071104 16917 0001:00071118 16919 0001:0007116C
 16933 0001:00071184 16934 0001:000711A4 16935 0001:000711B3 16937 0001:000711B9
 16938 0001:000711C7 16940 0001:000711DD 16941 0001:000711F7 16942 0001:00071202
 16943 0001:00071210 16944 0001:00071225 16945 0001:0007122D 16947 0001:00071239
 16948 0001:0007124B 16949 0001:00071259 16951 0001:00071274 16954 0001:00071294
 16956 0001:000712C4 16958 0001:000712CC 16959 0001:000712EC 16961 0001:000712FB
 16962 0001:0007130A 16963 0001:00071318 16964 0001:00071326 16965 0001:00071334
 16966 0001:00071343 16967 0001:0007135B 16968 0001:00071372 16971 0001:00071390
 16972 0001:000713BA 16974 0001:000713C7 16975 0001:000713D6 16976 0001:000713E4
 16977 0001:00071400 16978 0001:0007140C 16979 0001:0007141B 16980 0001:00071429
 16981 0001:00071434 16982 0001:00071440 16983 0001:00071451 16985 0001:00071479
 16988 0001:00071496 16991 0001:000714A6 16994 0001:000714C0 16997 0001:000714E6
 17000 0001:000714F6 17001 0001:00071521 17009 0001:00071534 17010 0001:00071557
 17013 0001:00071578 17014 0001:0007157C 17017 0001:00071593 17018 0001:000715AC
 17020 0001:000715DE 17025 0001:000715E8 17026 0001:000715EE 17027 0001:00071608
 17028 0001:00071612 17034 0001:00071618 17035 0001:0007161F 17037 0001:00071621
 17038 0001:00071626 17039 0001:00071628 17041 0001:0007162A 17042 0001:0007162E
 17043 0001:00071633 17044 0001:00071635 17046 0001:00071637 17047 0001:0007163C
 17048 0001:00071642 17049 0001:00071643 17050 0001:00071649 17051 0001:0007164B
 17052 0001:0007164D 17053 0001:0007164F 17054 0001:00071655 17055 0001:00071657
 17056 0001:00071659 17057 0001:0007165B 17058 0001:00071660 17059 0001:00071662
 17060 0001:00071667 17061 0001:00071669 17062 0001:0007166A 17063 0001:0007166F
 17064 0001:00071670 17067 0001:00071675 17068 0001:0007167B 17073 0001:0007167C
 17074 0001:0007168E 17075 0001:000716B0 17090 0001:000716B4 17091 0001:000716BE
 17094 0001:000716C2 17095 0001:000716C8 17092 0001:000716C9 17097 0001:000716D9
 17100 0001:000716E0 17102 0001:000716E7 17103 0001:000716F3 17104 0001:000716FD
 17105 0001:0007170F 17107 0001:00071714 17109 0001:00071738 17112 0001:0007173A
 17115 0001:00071748 17117 0001:00071761 17120 0001:0007176A 17121 0001:0007177B
 17123 0001:0007177D 17124 0001:00071796 17125 0001:000717B5 17127 0001:000717BD
 17128 0001:000717C8 17129 0001:000717D4 17130 0001:000717E2 17131 0001:000717F4
 17132 0001:000717FE 17135 0001:0007182C 17137 0001:00071853 17140 0001:00071861
 17142 0001:0007189C 17146 0001:000718B9 17147 0001:000718C4 17150 0001:000718D8
 17151 0001:00071905 17156 0001:0007190C 17157 0001:0007190F 17160 0001:0007192A
 17161 0001:00071931 17162 0001:0007193F 17163 0001:0007195C 17165 0001:00071963
 17166 0001:00071974 17167 0001:0007197D 17168 0001:00071989 17170 0001:000719A0
 17172 0001:000719AF 17176 0001:000719B4 17178 0001:000719C6 17179 0001:000719D0
 17180 0001:000719DE 17182 0001:000719F0 17183 0001:00071A00 17184 0001:00071A0A
 17185 0001:00071A11 17192 0001:00071A14 17193 0001:00071A1A 17195 0001:00071A23
 17197 0001:00071A2B 17198 0001:00071A34 17199 0001:00071A3E 17201 0001:00071A45
 17205 0001:00071A4D 17206 0001:00071A56 17209 0001:00071A5C 17210 0001:00071A62
 17212 0001:00071A6B 17214 0001:00071A70 17215 0001:00071A79 17216 0001:00071A86
 17218 0001:00071A8D 17222 0001:00071A95 17223 0001:00071A9E 17227 0001:00071AA4
 17228 0001:00071AA9 17232 0001:00071AAC 17233 0001:00071AB1 17242 0001:00071AB4
 17243 0001:00071AD8 17246 0001:00071B14 17247 0001:00071B2B 17248 0001:00071B32
 17252 0001:00071B41 17253 0001:00071B58 17257 0001:00071B67 17258 0001:00071B7E
 17262 0001:00071B8D 17263 0001:00071BA4 17267 0001:00071BB3 17268 0001:00071BCA
 17272 0001:00071BD9 17273 0001:00071BF0 17277 0001:00071BFF 17278 0001:00071C16
 17279 0001:00071C33 17283 0001:00071C3A 17284 0001:00071C51 17288 0001:00071C5D
 17289 0001:00071C74 17293 0001:00071C80 17294 0001:00071C97 17297 0001:00071CD0
 17400 0001:00071CE4 17401 0001:00071CFF 17402 0001:00071D0D 17403 0001:00071D16
 17405 0001:00071D20 17406 0001:00071D34 17403 0001:00071D37 17407 0001:00071D57
 17420 0001:00071D60 17421 0001:00071D7A 17424 0001:00071D87 17426 0001:00071D95
 17427 0001:00071D9C 17429 0001:00071DB3 17433 0001:00071DCE 17434 0001:00071DDC
 17435 0001:00071DE3 17437 0001:00071DFA 17442 0001:00071E15 17443 0001:00071E23
 17444 0001:00071E2A 17445 0001:00071E31 17447 0001:00071E3D 17448 0001:00071E44
 17450 0001:00071E55 17451 0001:00071E6E 17452 0001:00071E77 17454 0001:00071E7F
 17457 0001:00071E90 17458 0001:00071E9D 17460 0001:00071EC0 17462 0001:00071ED6
 17463 0001:00071EE7 17464 0001:00071EFA 17465 0001:00071F0D 17466 0001:00071F1E
 17467 0001:00071F28 17468 0001:00071F32 17469 0001:00071F3C 17470 0001:00071F46
 17471 0001:00071F55 17472 0001:00071F5C 17474 0001:00071F7E 17476 0001:00071F8C
 17477 0001:00071F95 17478 0001:00071F9D 17480 0001:00071FA5 17481 0001:00071FB6
 17482 0001:00071FC7 17483 0001:00071FD8 17484 0001:00071FDD 17485 0001:00071FEE
 17486 0001:00071FFF 17487 0001:00072010 17489 0001:00072024 17491 0001:00072055
 17499 0001:000720C8 17500 0001:000720EF 17502 0001:000720FC 17503 0001:00072100
 17504 0001:0007210E 17506 0001:00072116 17507 0001:00072122 17508 0001:00072135
 17511 0001:0007214F 17513 0001:00072155 17514 0001:00072159 17516 0001:0007215D
 17517 0001:00072169 17520 0001:00072176 17521 0001:0007217A 17522 0001:0007219D
 17523 0001:000721A3 17524 0001:000721A9 17526 0001:000721B5 17504 0001:000721B9
 17528 0001:000721C2 17529 0001:000721CB 17530 0001:000721D4 17532 0001:000721F0
 17534 0001:00072214 17536 0001:00072223 17544 0001:00072248 17545 0001:0007226A
 17547 0001:00072277 17549 0001:00072293 17553 0001:000722A1 17555 0001:000722A8
 17558 0001:000722C7 17562 0001:00072344 17564 0001:00072352 17566 0001:00072389
 17569 0001:000723A8 17574 0001:000723B9 17575 0001:000723C3 17578 0001:000723CA
 17579 0001:000723D8 17580 0001:000723DF 17581 0001:000723E9 17582 0001:000723F0
 17583 0001:000723FA 17584 0001:00072401 17585 0001:0007240B 17586 0001:00072412
 17587 0001:0007241C 17588 0001:00072426 17589 0001:00072430 17590 0001:0007243A
 17591 0001:00072444 17592 0001:0007244B 17593 0001:00072455 17594 0001:0007245C
 17595 0001:00072466 17596 0001:0007246D 17597 0001:00072477 17598 0001:0007247E
 17599 0001:00072488 17600 0001:0007248F 17601 0001:00072499 17602 0001:000724A0
 17603 0001:000724AA 17604 0001:000724B1 17605 0001:000724BB 17606 0001:000724C2
 17607 0001:000724CC 17608 0001:000724D3 17609 0001:000724DE 17610 0001:000724ED
 17613 0001:000724F2 17614 0001:000724FB 17617 0001:00072504 17618 0001:0007250E
 17619 0001:00072518 17620 0001:00072522 17621 0001:0007252C 17622 0001:00072536
 17623 0001:00072540 17624 0001:0007254A 17625 0001:00072554 17626 0001:0007255E
 17627 0001:00072568 17628 0001:00072572 17629 0001:0007257C 17630 0001:00072586
 17631 0001:00072590 17632 0001:0007259A 17633 0001:000725A4 17634 0001:000725AE
 17635 0001:000725B8 17636 0001:000725C2 17637 0001:000725CC 17638 0001:000725D6
 17639 0001:000725E0 17640 0001:000725EA 17641 0001:000725F4 17642 0001:000725FE
 17643 0001:00072608 17644 0001:00072612 17645 0001:0007261C 17646 0001:00072626
 17647 0001:00072630 17649 0001:00072635 17652 0001:0007264E 17657 0001:00072669
 17659 0001:00072677 17660 0001:0007267E 17662 0001:00072695 17666 0001:000726B0
 17667 0001:000726BE 17668 0001:000726C5 17670 0001:000726DC 17675 0001:00072719
 17679 0001:000727D0 17680 0001:000727E7 17684 0001:000727E8 17685 0001:000727FF
 17692 0001:00072800 17693 0001:0007280A 17696 0001:0007280C 17698 0001:0007281F
 17699 0001:0007282A 17700 0001:00072835 17703 0001:00072840 17704 0001:0007284B
 17707 0001:00072856 17708 0001:00072872 17709 0001:0007289A 17725 0001:000728A0
 17726 0001:000728BD 17727 0001:000728C4 17728 0001:000728C6 17729 0001:000728DA
 17730 0001:000728E1 17732 0001:000728E5 17734 0001:000728FB 17736 0001:00072902
 17738 0001:00072910 17740 0001:00072914 17741 0001:00072943 17744 0001:00072948
 17745 0001:0007296C 17746 0001:00072978 17747 0001:00072988 17748 0001:000729AE
 17761 0001:000729B8 17762 0001:000729BC 17763 0001:000729C2 17767 0001:000729C8
 17768 0001:000729CF 17769 0001:000729D4 17774 0001:000729D8 17775 0001:000729DF
 17777 0001:000729FC 17779 0001:00072A01 17781 0001:00072A06 17782 0001:00072A07
 17783 0001:00072A0A 17785 0001:00072A0D 17786 0001:00072A1D 17791 0001:00072A24
 17792 0001:00072A2B 17797 0001:00072A59 17799 0001:00072A5E 17800 0001:00072A5F
 17801 0001:00072A62 17803 0001:00072A65 17804 0001:00072A75 17809 0001:00072A7C
 17810 0001:00072A82 17811 0001:00072A91 17812 0001:00072A9F 17814 0001:00072AC4
 17816 0001:00072AD7 17821 0001:00072ADC 17822 0001:00072AE3 17824 0001:00072B00
 17826 0001:00072B05 17828 0001:00072B0A 17829 0001:00072B0B 17830 0001:00072B0E
 17832 0001:00072B11 17833 0001:00072B21 17845 0001:00072B28 17846 0001:00072B34
 17849 0001:00072B3C 17850 0001:00072B4B 17851 0001:00072B59 17852 0001:00072B63
 17853 0001:00072B72 17855 0001:00072B7D 17856 0001:00072B87 17857 0001:00072B96
 17859 0001:00072BA1 17860 0001:00072BAB 17861 0001:00072BBA 17863 0001:00072BC5
 17866 0001:00072BD2 17870 0001:00072BDE 17871 0001:00072BF3 17872 0001:00072BFD
 17863 0001:00072BFE 17874 0001:00072C01 17877 0001:00072C0E 17878 0001:00072C2B
 17879 0001:00072C3F 17874 0001:00072C40 17881 0001:00072C50 17883 0001:00072C60
 17894 0001:00072C68 17896 0001:00072C6B 17897 0001:00072C71 17900 0001:00072C78
 17902 0001:00072C8B 17903 0001:00072CA1 17904 0001:00072CAE 17905 0001:00072CC9
 17909 0001:00072CDE 17910 0001:00072CEB 17914 0001:00072CF0 17915 0001:00072CF7
 17916 0001:00072CFD 17918 0001:00072D00 17919 0001:00072D0F 17921 0001:00072D16
 17922 0001:00072D1B 17929 0001:00072D29 17930 0001:00072D2A 17923 0001:00072D36
 17932 0001:00072D46 17935 0001:00072D52 17936 0001:00072D5F 17938 0001:00072D7A
 17939 0001:00072D8C 17942 0001:00072D99 17943 0001:00072D9E 17950 0001:00072DAD
 17951 0001:00072DAE 17944 0001:00072DBB 17953 0001:00072DCB 17956 0001:00072DD7
 17957 0001:00072DE5 17959 0001:00072E01 17961 0001:00072E0F 17971 0001:00072E18
 17972 0001:00072E33 17973 0001:00072E40 17974 0001:00072E5C 17975 0001:00072E87
 17976 0001:00072EB0 17978 0001:00072F00 17980 0001:00072F1E 17991 0001:00072F39
 18001 0001:00072F54 18011 0001:00072F61 18014 0001:00072F72 18021 0001:00072F83
 18025 0001:00072F9E 18031 0001:00072FB9 18034 0001:00072FBE 18038 0001:00072FDE
 18047 0001:00072FFE 18048 0001:00072FFF 18050 0001:0007300C 18055 0001:0007302C
 18064 0001:00073047 18069 0001:00073062 18070 0001:0007306B 18075 0001:00073086
 18077 0001:00073094 18080 0001:000730D1 18084 0001:00073398 18085 0001:000733B2
 18088 0001:000733B4 18089 0001:000733B7 18090 0001:000733C8 18093 0001:000733CC
 18097 0001:000733CF 18099 0001:000733D6 18128 0001:000733D8 18129 0001:000733DB
 18131 0001:000733E2 18132 0001:000733E9 18137 0001:000733EC 18138 0001:000733F4
 18140 0001:00073403 18141 0001:00073408 18143 0001:00073415 18146 0001:0007343D
 18147 0001:00073450 18149 0001:00073452 18141 0001:00073453 18150 0001:00073456
 18161 0001:0007345C 18162 0001:00073463 18163 0001:00073476 18164 0001:00073484
 18166 0001:0007349B 18168 0001:000734AB 18170 0001:000734B0 18171 0001:000734CD
 18172 0001:000734D1 18174 0001:000734EE 18175 0001:000734FD 18176 0001:0007350B
 18177 0001:00073523 18179 0001:00073537 18180 0001:0007354A 18181 0001:00073550
 18182 0001:00073558 18183 0001:0007356C 18185 0001:0007357F 18187 0001:000735B4
 18189 0001:000735BC 18190 0001:000735DB 18191 0001:000735F9 18193 0001:00073603
 18195 0001:0007360E 18198 0001:00073638 18209 0001:00073655 18211 0001:0007365C
 18213 0001:00073663 18214 0001:0007366A 18215 0001:00073671 18216 0001:00073678
 18218 0001:0007368D 18222 0001:00073694 18223 0001:0007369B 18224 0001:000736A2
 18225 0001:000736A9 18226 0001:000736B0 18227 0001:000736B7 18228 0001:000736BE
 18229 0001:000736C5 18230 0001:000736CC 18231 0001:000736E3 18232 0001:000736FA
 18233 0001:00073701 18234 0001:0007370B 18235 0001:00073712 18236 0001:00073721
 18237 0001:00073728 18238 0001:00073739 18239 0001:00073743 18241 0001:0007374A
 18242 0001:00073754 18243 0001:0007375E 18245 0001:00073768 18247 0001:0007376D
 18250 0001:00073776 18253 0001:0007377B 18255 0001:00073789 18256 0001:00073790
 18260 0001:00073795 18261 0001:000737A6 18263 0001:000737B7 18264 0001:000737D0
 18265 0001:000737D9 18267 0001:000737E1 18305 0001:000737F4 18307 0001:000737F9
 18308 0001:0007380A 18309 0001:0007381B 18310 0001:0007382C 18311 0001:0007383D
 18317 0001:0007384E 18318 0001:00073855 18319 0001:00073861 18320 0001:00073868
 18321 0001:0007386F 18322 0001:00073879 18323 0001:00073880 18324 0001:00073887
 18327 0001:000738A9 18328 0001:000738BC 18330 0001:000738CA 18331 0001:000738D3
 18332 0001:000738DB 18335 0001:000738E3 18336 0001:000738E8 18337 0001:000738F2
 18338 0001:000738FC 18340 0001:0007390D 18341 0001:0007391E 18342 0001:00073923
 18343 0001:0007392A 18344 0001:00073934 18345 0001:0007393B 18346 0001:00073942
 18347 0001:00073949 18348 0001:00073950 18349 0001:00073957 18351 0001:0007395E
 18352 0001:00073965 18353 0001:0007396C 18355 0001:00073973 18357 0001:0007397A
 18360 0001:00073982 18362 0001:0007398C 18364 0001:000739A6 18365 0001:000739B2
 18366 0001:000739BD 18367 0001:000739C9 18369 0001:000739D4 18372 0001:000739D9
 18378 0001:00073A26 18384 0001:00073A73 18390 0001:00073AC0 18391 0001:00073AD5
 18393 0001:00073ADE 18407 0001:00073AF7 18413 0001:00073B44 18419 0001:00073B91
 18425 0001:00073BDE 18427 0001:00073BEC 18429 0001:00073BFA 18431 0001:00073C08
 18432 0001:00073C0D 18436 0001:00073C37 18438 0001:00073C44 18441 0001:00073C58
 18442 0001:00073C89 18446 0001:00073CC5 18450 0001:00073CCC 18452 0001:00073CD5
 18453 0001:00073CDA 18457 0001:00073D09 18464 0001:00073DDC 18465 0001:00073DF5
 18466 0001:00073E03 18468 0001:00073E16 18469 0001:00073E20 18471 0001:00073E2A
 18472 0001:00073E3D 18474 0001:00073E44 18475 0001:00073E4E 18476 0001:00073E55
 18477 0001:00073E5F 18478 0001:00073E66 18479 0001:00073E70 18480 0001:00073E77
 18481 0001:00073E81 18482 0001:00073E88 18483 0001:00073E92 18485 0001:00073E99
 18486 0001:00073E9E 18488 0001:00073EA9 18490 0001:00073EBB 18491 0001:00073EC8
 18493 0001:00073ED5 18495 0001:00073EDE 18496 0001:00073EF1 18501 0001:00073EF8
 18502 0001:00073F01 18504 0001:00073F10 18505 0001:00073F1A 18506 0001:00073F21
 18507 0001:00073F2B 18508 0001:00073F32 18509 0001:00073F3C 18511 0001:00073F43
 18512 0001:00073F4D 18513 0001:00073F57 18514 0001:00073F61 18515 0001:00073F6B
 18518 0001:00073F72 18520 0001:00073F7B 18521 0001:00073F88 18522 0001:00073F97
 18525 0001:00073FAD 18526 0001:00073FB7 18527 0001:00073FBE 18528 0001:00073FC8
 18529 0001:00073FCF 18530 0001:00073FD9 18532 0001:00073FE0 18533 0001:00073FEF
 18540 0001:00073FF6 18542 0001:00073FFF 18543 0001:0007400A 18544 0001:00074014
 18545 0001:0007401E 18553 0001:00074025 18554 0001:0007402A 18556 0001:0007403E
 18557 0001:00074048 18558 0001:0007404F 18560 0001:0007407E 18592 0001:00074084
 18602 0001:00074098 18603 0001:000740C4 18605 0001:00074234 18596 0001:00074254
 18597 0001:00074278 18598 0001:00074287 18599 0001:0007428C 18601 0001:000742AB

Line numbers for uTipoOperacao(uTipoOperacao.pas) segment .text

    15 0001:000ABE58    15 0001:000ABE5F

Line numbers for uCalculaOperacao(uCalculaOperacao.pas) segment .text

    13 0001:000ABE90    13 0001:000ABE97

Line numbers for uOperacaoAdicao(uOperacaoAdicao.pas) segment .text

    12 0001:000ABE98    18 0001:000ABF4C    19 0001:000ABF52    20 0001:000ABF5F
    22 0001:000ABF98    22 0001:000ABF9F

Line numbers for uOperacaoSubtracao(uOperacaoSubtracao.pas) segment .text

    12 0001:000ABFA0    19 0001:000AC058    20 0001:000AC05E    21 0001:000AC06B
    23 0001:000AC0A4    23 0001:000AC0AB

Line numbers for uOperacaoMultiplicacao(uOperacaoMultiplicacao.pas) segment .text

    11 0001:000AC0AC    17 0001:000AC168    18 0001:000AC16E    19 0001:000AC17B
    21 0001:000AC1B4    21 0001:000AC1BB

Line numbers for uOperacaoDivisao(uOperacaoDivisao.pas) segment .text

    11 0001:000AC1BC    17 0001:000AC274    18 0001:000AC27A    19 0001:000AC287
    21 0001:000AC2C0    21 0001:000AC2C7

Line numbers for uCalculaOperacaoFactory(uCalculaOperacaoFactory.pas) segment .text

    26 0001:000AC32C    27 0001:000AC32F    28 0001:000AC341    29 0001:000AC35F
    30 0001:000AC37D    31 0001:000AC39B    33 0001:000AC3B7    35 0001:000AC3EC
    35 0001:000AC3F3

Line numbers for uCalculadora(uCalculadora.pas) segment .text

    28 0001:000AC44C    29 0001:000AC44F    30 0001:000AC45B    31 0001:000AC45F
    34 0001:000AC464    35 0001:000AC467    36 0001:000AC473    37 0001:000AC477
    40 0001:000AC47C    41 0001:000AC47F    42 0001:000AC48B    43 0001:000AC48F
    46 0001:000AC494    47 0001:000AC497    48 0001:000AC4A3    49 0001:000AC4A7
    54 0001:000AC4AC    55 0001:000AC4C8    56 0001:000AC4D8    57 0001:000AC510
    59 0001:000AC548    59 0001:000AC54F

Line numbers for uTelaCalculadora(uTelaCalculadora.pas) segment .text

    61 0001:000AC918    62 0001:000AC91B    63 0001:000AC92D    67 0001:000AC930
    68 0001:000AC93B    71 0001:000AC93C    72 0001:000AC953    73 0001:000AC997
    76 0001:000AC9A8    77 0001:000AC9BF    78 0001:000ACA03    81 0001:000ACA14
    82 0001:000ACA2B    83 0001:000ACA6F    86 0001:000ACA80    87 0001:000ACA97
    88 0001:000ACADB    91 0001:000ACAEC    92 0001:000ACB03    93 0001:000ACB47
    96 0001:000ACB58    97 0001:000ACB6F    98 0001:000ACBB3   101 0001:000ACBC4
   102 0001:000ACBDB   103 0001:000ACC1F   106 0001:000ACC30   107 0001:000ACC47
   108 0001:000ACC8B   111 0001:000ACC9C   112 0001:000ACCB3   113 0001:000ACCF7
   116 0001:000ACD08   117 0001:000ACD1F   118 0001:000ACD63   122 0001:000ACD74
   123 0001:000ACD81   126 0001:000ACD84   127 0001:000ACD87   128 0001:000ACDA0
   129 0001:000ACDAD   134 0001:000ACDB0   135 0001:000ACDCC   137 0001:000ACDE9
   138 0001:000ACE26   141 0001:000ACE2C   142 0001:000ACE2F   143 0001:000ACE48
   144 0001:000ACE55   147 0001:000ACE58   148 0001:000ACE5B   149 0001:000ACE74
   150 0001:000ACE81   153 0001:000ACE84   154 0001:000ACE87   155 0001:000ACEA0
   156 0001:000ACEAD   159 0001:000ACEB0   160 0001:000ACECC   161 0001:000ACF0C
   163 0001:000ACF44   163 0001:000ACF4B

Line numbers for Calculadora(C:\Users\thiago.belordi\Desktop\Thiago\Factory Method\Calculadora\Calculadora.dpr) segment .text

    18 0001:000AD234    19 0001:000AD244    20 0001:000AD250    21 0001:000AD268
    22 0001:000AD274

Bound resource files

C:\Program Files (x86)\EurekaLog 6\Delphi7\DIALOG.RES
c:\delphi7\Lib\Buttons.res
c:\delphi7\Lib\ExtDlgs.res
c:\delphi7\Lib\Controls.res
uTelaCalculadora.dfm
Calculadora.res
Calculadora.drf


Program entry point at 0001:000AD234
